0 verbose cli C:\Program Files\nodejs\node.exe C:\Program Files\nodejs\node_modules\npm\bin\npm-cli.js
1 info using npm@10.9.0
2 info using node@v22.11.0
3 silly config load:file:C:\Users\Luis Trujillo Lopez\AppData\Roaming\nvm\v22.11.0\node_modules\npm\npmrc
4 silly config load:file:D:\React PRO\01\02-react-app\.npmrc
5 silly config load:file:C:\Users\Luis Trujillo Lopez\.npmrc
6 silly config load:file:C:\Program Files\nodejs\etc\npmrc
7 verbose title npm install react-router-dom
8 verbose argv "install" "react-router-dom"
9 verbose logfile logs-max:10 dir:D:\React PRO\01\02-react-app\npm-cache\_logs\2025-06-01T07_30_11_762Z-
10 verbose logfile D:\React PRO\01\02-react-app\npm-cache\_logs\2025-06-01T07_30_11_762Z-debug-0.log
11 silly logfile start cleaning logs, removing 1 files
12 silly packumentCache heap:2197815296 maxSize:549453824 maxEntrySize:274726912
13 silly logfile done cleaning log files
14 silly idealTree buildDeps
15 silly fetch manifest react-router-dom@^7.6.0
16 silly packumentCache full:https://registry.npmjs.org/react-router-dom cache-miss
17 http fetch GET 200 https://registry.npmjs.org/react-router-dom 2217ms (cache updated)
18 silly packumentCache full:https://registry.npmjs.org/react-router-dom set size:undefined disposed:false
19 silly fetch manifest react@^19.1.0
20 silly packumentCache full:https://registry.npmjs.org/react cache-miss
21 http fetch GET 200 https://registry.npmjs.org/react 377ms (cache updated)
22 silly packumentCache full:https://registry.npmjs.org/react set size:undefined disposed:false
23 silly fetch manifest react-dom@^19.1.0
24 silly packumentCache full:https://registry.npmjs.org/react-dom cache-miss
25 http fetch GET 200 https://registry.npmjs.org/react-dom 393ms (cache updated)
26 silly packumentCache full:https://registry.npmjs.org/react-dom set size:undefined disposed:false
27 silly placeDep ROOT react-router-dom@7.6.1 REPLACE for: 02-react-app@0.1.0 want: ^7.6.0
28 silly fetch manifest react-router@7.6.1
29 silly packumentCache full:https://registry.npmjs.org/react-router cache-miss
30 http fetch GET 200 https://registry.npmjs.org/react-router 447ms (cache updated)
31 silly packumentCache full:https://registry.npmjs.org/react-router set size:undefined disposed:false
32 silly fetch manifest react@>=18
33 silly packumentCache full:https://registry.npmjs.org/react cache-miss
34 http fetch GET 200 https://registry.npmjs.org/react 119ms (cache hit)
35 silly packumentCache full:https://registry.npmjs.org/react set size:5736527 disposed:false
36 silly fetch manifest react-dom@>=18
37 silly packumentCache full:https://registry.npmjs.org/react-dom cache-miss
38 http fetch GET 200 https://registry.npmjs.org/react-dom 27ms (cache hit)
39 silly packumentCache full:https://registry.npmjs.org/react-dom set size:7303692 disposed:false
40 silly placeDep ROOT react-router@7.6.1 OK for: react-router-dom@7.6.1 want: 7.6.1
41 silly fetch manifest cookie@^1.0.1
42 silly packumentCache full:https://registry.npmjs.org/cookie cache-miss
43 silly fetch manifest set-cookie-parser@^2.6.0
44 silly packumentCache full:https://registry.npmjs.org/set-cookie-parser cache-miss
45 http fetch GET 200 https://registry.npmjs.org/cookie 261ms (cache updated)
46 silly packumentCache full:https://registry.npmjs.org/cookie set size:undefined disposed:false
47 http fetch GET 200 https://registry.npmjs.org/set-cookie-parser 435ms (cache revalidated)
48 silly packumentCache full:https://registry.npmjs.org/set-cookie-parser set size:65405 disposed:false
49 silly placeDep node_modules/react-router cookie@1.0.2 OK for: react-router@7.6.1 want: ^1.0.1
50 silly placeDep ROOT set-cookie-parser@2.7.1 OK for: react-router@7.6.1 want: ^2.6.0
51 silly reify mark retired [ 'D:\\React PRO\\01\\02-react-app\\node_modules\\react-router' ]
52 silly reify mark retired [ 'D:\\React PRO\\01\\02-react-app\\node_modules\\react-router-dom' ]
53 silly reify moves {
53 silly reify   'D:\\React PRO\\01\\02-react-app\\node_modules\\react-router': 'D:\\React PRO\\01\\02-react-app\\node_modules\\.react-router-7ZIA47FY',
53 silly reify   'D:\\React PRO\\01\\02-react-app\\node_modules\\react-router-dom': 'D:\\React PRO\\01\\02-react-app\\node_modules\\.react-router-dom-LRX0f46u'
53 silly reify }
54 silly audit bulk request {
54 silly audit   '@adobe/css-tools': [ '4.4.2' ],
54 silly audit   '@alloc/quick-lru': [ '5.2.0' ],
54 silly audit   '@ampproject/remapping': [ '2.3.0' ],
54 silly audit   '@babel/code-frame': [ '7.27.1', '7.8.3' ],
54 silly audit   '@babel/compat-data': [ '7.27.2' ],
54 silly audit   '@babel/core': [ '7.27.1', '7.8.4' ],
54 silly audit   'convert-source-map': [ '2.0.0', '1.7.0', '1.9.0' ],
54 silly audit   debug: [ '4.1.1', '2.6.9', '4.4.0', '3.2.7', '3.2.6' ],
54 silly audit   '@babel/eslint-parser': [ '7.27.1' ],
54 silly audit   'eslint-visitor-keys': [ '2.1.0', '3.4.3' ],
54 silly audit   '@babel/generator': [ '7.27.1', '7.8.4' ],
54 silly audit   '@babel/helper-annotate-as-pure': [ '7.27.1' ],
54 silly audit   '@babel/helper-compilation-targets': [ '7.27.2' ],
54 silly audit   '@babel/helper-create-class-features-plugin': [ '7.27.1' ],
54 silly audit   '@babel/helper-create-regexp-features-plugin': [ '7.27.1' ],
54 silly audit   '@babel/helper-define-polyfill-provider': [ '0.6.4' ],
54 silly audit   'path-parse': [ '1.0.6', '1.0.7' ],
54 silly audit   resolve: [ '1.15.1', '2.0.0-next.5', '1.22.10' ],
54 silly audit   '@babel/helper-function-name': [ '7.8.3' ],
54 silly audit   '@babel/parser': [ '7.8.4', '7.27.2' ],
54 silly audit   '@babel/template': [ '7.8.3', '7.27.2' ],
54 silly audit   '@babel/types': [ '7.8.3', '7.27.1' ],
54 silly audit   lodash: [ '4.17.15', '4.17.21' ],
54 silly audit   '@babel/helper-get-function-arity': [ '7.8.3' ],
54 silly audit   '@babel/helper-member-expression-to-functions': [ '7.27.1' ],
54 silly audit   '@babel/helper-module-imports': [ '7.27.1' ],
54 silly audit   '@babel/helper-module-transforms': [ '7.27.1' ],
54 silly audit   '@babel/helper-optimise-call-expression': [ '7.27.1' ],
54 silly audit   '@babel/helper-plugin-utils': [ '7.27.1', '7.8.3' ],
54 silly audit   '@babel/helper-remap-async-to-generator': [ '7.27.1' ],
54 silly audit   '@babel/helper-replace-supers': [ '7.27.1' ],
54 silly audit   '@babel/helper-skip-transparent-expression-wrappers': [ '7.27.1' ],
54 silly audit   '@babel/helper-split-export-declaration': [ '7.8.3' ],
54 silly audit   '@babel/helper-string-parser': [ '7.27.1' ],
54 silly audit   '@babel/helper-validator-identifier': [ '7.27.1' ],
54 silly audit   '@babel/helper-validator-option': [ '7.27.1' ],
54 silly audit   '@babel/helper-wrap-function': [ '7.27.1' ],
54 silly audit   '@babel/helpers': [ '7.27.1', '7.8.4' ],
54 silly audit   '@babel/highlight': [ '7.8.3' ],
54 silly audit   'ansi-styles': [ '3.2.1', '6.2.1', '4.2.1', '5.2.0', '4.3.0' ],
54 silly audit   chalk: [ '2.4.2', '3.0.0', '4.1.2' ],
54 silly audit   'color-convert': [ '1.9.3', '2.0.1' ],
54 silly audit   'color-name': [ '1.1.3', '1.1.4' ],
54 silly audit   'escape-string-regexp': [ '1.0.5', '4.0.0', '2.0.0' ],
54 silly audit   'has-flag': [ '3.0.0', '4.0.0' ],
54 silly audit   'supports-color': [ '5.5.0', '8.1.1', '7.1.0' ],
54 silly audit   '@babel/plugin-bugfix-firefox-class-in-computed-class-key': [ '7.27.1' ],
54 silly audit   '@babel/plugin-bugfix-safari-class-field-initializer-scope': [ '7.27.1' ],
54 silly audit   '@babel/plugin-bugfix-safari-id-destructuring-collision-in-function-expression': [ '7.27.1' ],
54 silly audit   '@babel/plugin-bugfix-v8-spread-parameters-in-optional-chaining': [ '7.27.1' ],
54 silly audit   '@babel/plugin-bugfix-v8-static-class-fields-redefine-readonly': [ '7.27.1' ],
54 silly audit   '@babel/plugin-proposal-class-properties': [ '7.18.6' ],
54 silly audit   '@babel/plugin-proposal-decorators': [ '7.27.1' ],
54 silly audit   '@babel/plugin-proposal-nullish-coalescing-operator': [ '7.18.6' ],
54 silly audit   '@babel/plugin-proposal-numeric-separator': [ '7.18.6' ],
54 silly audit   '@babel/plugin-proposal-optional-chaining': [ '7.21.0' ],
54 silly audit   '@babel/plugin-proposal-private-methods': [ '7.18.6' ],
54 silly audit   '@babel/plugin-proposal-private-property-in-object': [ '7.21.11', '7.21.0-placeholder-for-preset-env.2' ],
54 silly audit   '@babel/plugin-syntax-async-generators': [ '7.8.4' ],
54 silly audit   '@babel/plugin-syntax-bigint': [ '7.8.3' ],
54 silly audit   '@babel/plugin-syntax-class-properties': [ '7.12.13' ],
54 silly audit   '@babel/plugin-syntax-class-static-block': [ '7.14.5' ],
54 silly audit   '@babel/plugin-syntax-decorators': [ '7.27.1' ],
54 silly audit   '@babel/plugin-syntax-flow': [ '7.27.1' ],
54 silly audit   '@babel/plugin-syntax-import-assertions': [ '7.27.1' ],
54 silly audit   '@babel/plugin-syntax-import-attributes': [ '7.27.1' ],
54 silly audit   '@babel/plugin-syntax-import-meta': [ '7.10.4' ],
54 silly audit   '@babel/plugin-syntax-json-strings': [ '7.8.3' ],
54 silly audit   '@babel/plugin-syntax-jsx': [ '7.27.1' ],
54 silly audit   '@babel/plugin-syntax-logical-assignment-operators': [ '7.10.4' ],
54 silly audit   '@babel/plugin-syntax-nullish-coalescing-operator': [ '7.8.3' ],
54 silly audit   '@babel/plugin-syntax-numeric-separator': [ '7.10.4' ],
54 silly audit   '@babel/plugin-syntax-object-rest-spread': [ '7.8.3' ],
54 silly audit   '@babel/plugin-syntax-optional-catch-binding': [ '7.8.3' ],
54 silly audit   '@babel/plugin-syntax-optional-chaining': [ '7.8.3' ],
54 silly audit   '@babel/plugin-syntax-private-property-in-object': [ '7.14.5' ],
54 silly audit   '@babel/plugin-syntax-top-level-await': [ '7.14.5' ],
54 silly audit   '@babel/plugin-syntax-typescript': [ '7.27.1' ],
54 silly audit   '@babel/plugin-syntax-unicode-sets-regex': [ '7.18.6' ],
54 silly audit   '@babel/plugin-transform-arrow-functions': [ '7.27.1' ],
54 silly audit   '@babel/plugin-transform-async-generator-functions': [ '7.27.1' ],
54 silly audit   '@babel/plugin-transform-async-to-generator': [ '7.27.1' ],
54 silly audit   '@babel/plugin-transform-block-scoped-functions': [ '7.27.1' ],
54 silly audit   '@babel/plugin-transform-block-scoping': [ '7.27.1' ],
54 silly audit   '@babel/plugin-transform-class-properties': [ '7.27.1' ],
54 silly audit   '@babel/plugin-transform-class-static-block': [ '7.27.1' ],
54 silly audit   '@babel/plugin-transform-classes': [ '7.27.1' ],
54 silly audit   '@babel/plugin-transform-computed-properties': [ '7.27.1' ],
54 silly audit   '@babel/plugin-transform-destructuring': [ '7.27.1' ],
54 silly audit   '@babel/plugin-transform-dotall-regex': [ '7.27.1' ],
54 silly audit   '@babel/plugin-transform-duplicate-keys': [ '7.27.1' ],
54 silly audit   '@babel/plugin-transform-duplicate-named-capturing-groups-regex': [ '7.27.1' ],
54 silly audit   '@babel/plugin-transform-dynamic-import': [ '7.27.1' ],
54 silly audit   '@babel/plugin-transform-exponentiation-operator': [ '7.27.1' ],
54 silly audit   '@babel/plugin-transform-export-namespace-from': [ '7.27.1' ],
54 silly audit   '@babel/plugin-transform-flow-strip-types': [ '7.27.1' ],
54 silly audit   '@babel/plugin-transform-for-of': [ '7.27.1' ],
54 silly audit   '@babel/plugin-transform-function-name': [ '7.27.1' ],
54 silly audit   '@babel/plugin-transform-json-strings': [ '7.27.1' ],
54 silly audit   '@babel/plugin-transform-literals': [ '7.27.1' ],
54 silly audit   '@babel/plugin-transform-logical-assignment-operators': [ '7.27.1' ],
54 silly audit   '@babel/plugin-transform-member-expression-literals': [ '7.27.1' ],
54 silly audit   '@babel/plugin-transform-modules-amd': [ '7.27.1' ],
54 silly audit   '@babel/plugin-transform-modules-commonjs': [ '7.27.1' ],
54 silly audit   '@babel/plugin-transform-modules-systemjs': [ '7.27.1' ],
54 silly audit   '@babel/plugin-transform-modules-umd': [ '7.27.1' ],
54 silly audit   '@babel/plugin-transform-named-capturing-groups-regex': [ '7.27.1' ],
54 silly audit   '@babel/plugin-transform-new-target': [ '7.27.1' ],
54 silly audit   '@babel/plugin-transform-nullish-coalescing-operator': [ '7.27.1' ],
54 silly audit   '@babel/plugin-transform-numeric-separator': [ '7.27.1' ],
54 silly audit   '@babel/plugin-transform-object-rest-spread': [ '7.27.2' ],
54 silly audit   '@babel/plugin-transform-object-super': [ '7.27.1' ],
54 silly audit   '@babel/plugin-transform-optional-catch-binding': [ '7.27.1' ],
54 silly audit   '@babel/plugin-transform-optional-chaining': [ '7.27.1' ],
54 silly audit   '@babel/plugin-transform-parameters': [ '7.27.1' ],
54 silly audit   '@babel/plugin-transform-private-methods': [ '7.27.1' ],
54 silly audit   '@babel/plugin-transform-private-property-in-object': [ '7.27.1' ],
54 silly audit   '@babel/plugin-transform-property-literals': [ '7.27.1' ],
54 silly audit   '@babel/plugin-transform-react-constant-elements': [ '7.27.1' ],
54 silly audit   '@babel/plugin-transform-react-display-name': [ '7.27.1' ],
54 silly audit   '@babel/plugin-transform-react-jsx': [ '7.27.1' ],
54 silly audit   '@babel/plugin-transform-react-jsx-development': [ '7.27.1' ],
54 silly audit   '@babel/plugin-transform-react-pure-annotations': [ '7.27.1' ],
54 silly audit   '@babel/plugin-transform-regenerator': [ '7.27.1' ],
54 silly audit   '@babel/plugin-transform-regexp-modifiers': [ '7.27.1' ],
54 silly audit   '@babel/plugin-transform-reserved-words': [ '7.27.1' ],
54 silly audit   '@babel/plugin-transform-runtime': [ '7.27.1' ],
54 silly audit   '@babel/plugin-transform-shorthand-properties': [ '7.27.1' ],
54 silly audit   '@babel/plugin-transform-spread': [ '7.27.1' ],
54 silly audit   '@babel/plugin-transform-sticky-regex': [ '7.27.1' ],
54 silly audit   '@babel/plugin-transform-template-literals': [ '7.27.1' ],
54 silly audit   '@babel/plugin-transform-typeof-symbol': [ '7.27.1' ],
54 silly audit   '@babel/plugin-transform-typescript': [ '7.27.1' ],
54 silly audit   '@babel/plugin-transform-unicode-escapes': [ '7.27.1' ],
54 silly audit   '@babel/plugin-transform-unicode-property-regex': [ '7.27.1' ],
54 silly audit   '@babel/plugin-transform-unicode-regex': [ '7.27.1' ],
54 silly audit   '@babel/plugin-transform-unicode-sets-regex': [ '7.27.1' ],
54 silly audit   '@babel/preset-env': [ '7.27.2' ],
54 silly audit   '@babel/preset-modules': [ '0.1.6-no-external-plugins' ],
54 silly audit   '@babel/preset-react': [ '7.27.1' ],
54 silly audit   '@babel/preset-typescript': [ '7.27.1' ],
54 silly audit   '@babel/runtime': [ '7.27.1', '7.8.4' ],
54 silly audit   '@babel/traverse': [ '7.27.1', '7.8.4' ],
54 silly audit   '@bcoe/v8-coverage': [ '0.2.3' ],
54 silly audit   '@csstools/normalize.css': [ '12.1.1' ],
54 silly audit   '@csstools/postcss-cascade-layers': [ '1.1.1' ],
54 silly audit   '@csstools/postcss-color-function': [ '1.1.1' ],
54 silly audit   '@csstools/postcss-font-format-keywords': [ '1.0.1' ],
54 silly audit   '@csstools/postcss-hwb-function': [ '1.0.2' ],
54 silly audit   '@csstools/postcss-ic-unit': [ '1.0.1' ],
54 silly audit   '@csstools/postcss-is-pseudo-class': [ '2.0.7' ],
54 silly audit   '@csstools/postcss-nested-calc': [ '1.0.0' ],
54 silly audit   '@csstools/postcss-normalize-display-values': [ '1.0.1' ],
54 silly audit   '@csstools/postcss-oklab-function': [ '1.1.1' ],
54 silly audit   '@csstools/postcss-progressive-custom-properties': [ '1.3.0' ],
54 silly audit   '@csstools/postcss-stepped-value-functions': [ '1.0.1' ],
54 silly audit   '@csstools/postcss-text-decoration-shorthand': [ '1.0.0' ],
54 silly audit   '@csstools/postcss-trigonometric-functions': [ '1.0.2' ],
54 silly audit   '@csstools/postcss-unset-value': [ '1.0.2' ],
54 silly audit   '@csstools/selector-specificity': [ '2.2.0' ],
54 silly audit   '@eslint-community/eslint-utils': [ '4.7.0' ],
54 silly audit   '@eslint-community/regexpp': [ '4.12.1' ],
54 silly audit   '@eslint/eslintrc': [ '2.1.4' ],
54 silly audit   argparse: [ '2.0.1', '1.0.10' ],
54 silly audit   globals: [ '13.24.0', '11.12.0' ],
54 silly audit   'js-yaml': [ '4.1.0', '3.13.1' ],
54 silly audit   'type-fest': [ '0.20.2', '0.8.1', '0.21.3', '0.16.0', '4.41.0' ],
54 silly audit   '@eslint/js': [ '8.57.1' ],
54 silly audit   '@humanwhocodes/config-array': [ '0.13.0' ],
54 silly audit   '@humanwhocodes/module-importer': [ '1.0.1' ],
54 silly audit   '@humanwhocodes/object-schema': [ '2.0.3' ],
54 silly audit   '@isaacs/cliui': [ '8.0.2' ],
54 silly audit   'ansi-regex': [ '6.1.0', '5.0.1', '5.0.0' ],
54 silly audit   'emoji-regex': [ '9.2.2', '8.0.0' ],
54 silly audit   'string-width': [ '5.1.2', '4.2.3', '4.2.0' ],
54 silly audit   'strip-ansi': [ '7.1.0', '6.0.1', '6.0.0' ],
54 silly audit   'wrap-ansi': [ '8.1.0', '7.0.0' ],
54 silly audit   '@istanbuljs/load-nyc-config': [ '1.1.0' ],
54 silly audit   camelcase: [ '5.3.1', '6.3.0' ],
54 silly audit   'resolve-from': [ '5.0.0', '4.0.0' ],
54 silly audit   '@istanbuljs/schema': [ '0.1.3' ],
54 silly audit   '@jest/console': [ '27.5.1', '28.1.3' ],
54 silly audit   '@types/node': [ '13.7.1', '16.18.126' ],
54 silly audit   '@jest/core': [ '27.5.1' ],
54 silly audit   'jest-watcher': [ '27.5.1', '28.1.3' ],
54 silly audit   '@jest/environment': [ '27.5.1' ],
54 silly audit   '@jest/fake-timers': [ '27.5.1' ],
54 silly audit   '@jest/globals': [ '27.5.1' ],
54 silly audit   '@jest/reporters': [ '27.5.1' ],
54 silly audit   '@jest/schemas': [ '28.1.3' ],
54 silly audit   '@jest/source-map': [ '27.5.1' ],
54 silly audit   '@jest/test-result': [ '27.5.1', '28.1.3' ],
54 silly audit   '@jest/test-sequencer': [ '27.5.1' ],
54 silly audit   '@jest/transform': [ '27.5.1' ],
54 silly audit   'source-map': [ '0.5.7', '0.7.4', '0.6.1', '0.8.0-beta.0' ],
54 silly audit   gensync: [ '1.0.0-beta.1', '1.0.0-beta.2' ],
54 silly audit   jsesc: [ '2.5.2', '3.1.0', '3.0.2' ],
54 silly audit   json5: [ '2.1.1', '2.2.3', '1.0.2' ],
54 silly audit   pirates: [ '4.0.7', '4.0.1' ],
54 silly audit   semver: [ '5.7.1', '7.7.1', '6.3.0', '6.3.1' ],
54 silly audit   '@jest/types': [ '27.5.1', '28.1.3' ],
54 silly audit   '@jridgewell/gen-mapping': [ '0.3.8' ],
54 silly audit   '@jridgewell/resolve-uri': [ '3.1.2' ],
54 silly audit   '@jridgewell/set-array': [ '1.2.1' ],
54 silly audit   '@jridgewell/source-map': [ '0.3.6' ],
54 silly audit   '@jridgewell/sourcemap-codec': [ '1.5.0' ],
54 silly audit   '@jridgewell/trace-mapping': [ '0.3.25' ],
54 silly audit   '@leichtgewicht/ip-codec': [ '2.0.5' ],
54 silly audit   '@nicolo-ribaudo/eslint-scope-5-internals': [ '5.1.1-v1' ],
54 silly audit   '@nodelib/fs.scandir': [ '2.1.5' ],
54 silly audit   '@nodelib/fs.stat': [ '2.0.5' ],
54 silly audit   '@nodelib/fs.walk': [ '1.2.8' ],
54 silly audit   '@pkgjs/parseargs': [ '0.11.0' ],
54 silly audit   '@pmmmwh/react-refresh-webpack-plugin': [ '0.5.16' ],
54 silly audit   '@rollup/plugin-babel': [ '5.3.1' ],
54 silly audit   '@rollup/plugin-node-resolve': [ '11.2.1' ],
54 silly audit   '@rollup/plugin-replace': [ '2.4.2' ],
54 silly audit   '@rollup/pluginutils': [ '3.1.0' ],
54 silly audit   '@types/estree': [ '0.0.39', '1.0.7' ],
54 silly audit   '@rtsao/scc': [ '1.1.0' ],
54 silly audit   '@rushstack/eslint-patch': [ '1.11.0' ],
54 silly audit   '@sinclair/typebox': [ '0.24.51' ],
54 silly audit   '@sinonjs/commons': [ '1.8.6' ],
54 silly audit   '@sinonjs/fake-timers': [ '8.1.0' ],
54 silly audit   '@surma/rollup-plugin-off-main-thread': [ '2.2.3' ],
54 silly audit   '@svgr/babel-plugin-add-jsx-attribute': [ '5.4.0' ],
54 silly audit   '@svgr/babel-plugin-remove-jsx-attribute': [ '5.4.0' ],
54 silly audit   '@svgr/babel-plugin-remove-jsx-empty-expression': [ '5.0.1' ],
54 silly audit   '@svgr/babel-plugin-replace-jsx-attribute-value': [ '5.0.1' ],
54 silly audit   '@svgr/babel-plugin-svg-dynamic-title': [ '5.4.0' ],
54 silly audit   '@svgr/babel-plugin-svg-em-dimensions': [ '5.4.0' ],
54 silly audit   '@svgr/babel-plugin-transform-react-native-svg': [ '5.4.0' ],
54 silly audit   '@svgr/babel-plugin-transform-svg-component': [ '5.5.0' ],
54 silly audit   '@svgr/babel-preset': [ '5.5.0' ],
54 silly audit   '@svgr/core': [ '5.5.0' ],
54 silly audit   '@svgr/hast-util-to-babel-ast': [ '5.5.0' ],
54 silly audit   '@svgr/plugin-jsx': [ '5.5.0' ],
54 silly audit   '@svgr/plugin-svgo': [ '5.5.0' ],
54 silly audit   '@svgr/webpack': [ '5.5.0' ],
54 silly audit   '@testing-library/dom': [ '10.4.0' ],
54 silly audit   'aria-query': [ '5.3.0', '5.3.2' ],
54 silly audit   '@testing-library/jest-dom': [ '6.6.3' ],
54 silly audit   'dom-accessibility-api': [ '0.6.3', '0.5.16' ],
54 silly audit   '@testing-library/react': [ '16.3.0' ],
54 silly audit   '@testing-library/user-event': [ '13.5.0' ],
54 silly audit   '@tootallnate/once': [ '1.1.2' ],
54 silly audit   '@trysound/sax': [ '0.2.0' ],
54 silly audit   '@types/aria-query': [ '5.0.4' ],
54 silly audit   '@types/babel__core': [ '7.20.5' ],
54 silly audit   '@types/babel__generator': [ '7.6.1' ],
54 silly audit   '@types/babel__template': [ '7.0.2' ],
54 silly audit   '@types/babel__traverse': [ '7.0.8', '7.20.7' ],
54 silly audit   '@types/body-parser': [ '1.19.5' ],
54 silly audit   '@types/bonjour': [ '3.5.13' ],
54 silly audit   '@types/color-name': [ '1.1.1' ],
54 silly audit   '@types/connect': [ '3.4.38' ],
54 silly audit   '@types/connect-history-api-fallback': [ '1.5.4' ],
54 silly audit   '@types/eslint': [ '8.56.12', '9.6.1' ],
54 silly audit   '@types/eslint-scope': [ '3.7.7' ],
54 silly audit   '@types/express': [ '4.17.21', '5.0.1' ],
54 silly audit   '@types/express-serve-static-core': [ '5.0.6', '4.19.6' ],
54 silly audit   '@types/graceful-fs': [ '4.1.9' ],
54 silly audit   '@types/html-minifier-terser': [ '6.1.0' ],
54 silly audit   '@types/http-errors': [ '2.0.4' ],
54 silly audit   '@types/http-proxy': [ '1.17.16' ],
54 silly audit   '@types/istanbul-lib-coverage': [ '2.0.1', '2.0.6' ],
54 silly audit   '@types/istanbul-lib-report': [ '3.0.0' ],
54 silly audit   '@types/istanbul-reports': [ '3.0.4' ],
54 silly audit   '@types/jest': [ '27.5.2' ],
54 silly audit   '@types/json-schema': [ '7.0.15' ],
54 silly audit   '@types/json5': [ '0.0.29' ],
54 silly audit   '@types/mime': [ '1.3.5' ],
54 silly audit   '@types/node-forge': [ '1.3.11' ],
54 silly audit   '@types/parse-json': [ '4.0.0' ],
54 silly audit   '@types/prettier': [ '2.7.3' ],
54 silly audit   '@types/q': [ '1.5.2' ],
54 silly audit   '@types/qs': [ '6.9.18' ],
54 silly audit   '@types/range-parser': [ '1.2.7' ],
54 silly audit   '@types/react': [ '19.1.3' ],
54 silly audit   '@types/react-dom': [ '19.1.3' ],
54 silly audit   '@types/resolve': [ '1.17.1' ],
54 silly audit   '@types/retry': [ '0.12.0' ],
54 silly audit   '@types/semver': [ '7.7.0' ],
54 silly audit   '@types/send': [ '0.17.4' ],
54 silly audit   '@types/serve-index': [ '1.9.4' ],
54 silly audit   '@types/serve-static': [ '1.15.7' ],
54 silly audit   '@types/sockjs': [ '0.3.36' ],
54 silly audit   '@types/stack-utils': [ '2.0.3' ],
54 silly audit   '@types/trusted-types': [ '2.0.7' ],
54 silly audit   '@types/ws': [ '8.18.1' ],
54 silly audit   '@types/yargs': [ '16.0.9', '17.0.33' ],
54 silly audit   '@types/yargs-parser': [ '15.0.0' ],
54 silly audit   '@typescript-eslint/eslint-plugin': [ '5.62.0' ],
54 silly audit   '@typescript-eslint/experimental-utils': [ '5.62.0' ],
54 silly audit   '@typescript-eslint/parser': [ '5.62.0' ],
54 silly audit   '@typescript-eslint/scope-manager': [ '5.62.0' ],
54 silly audit   '@typescript-eslint/type-utils': [ '5.62.0' ],
54 silly audit   '@typescript-eslint/types': [ '5.62.0' ],
54 silly audit   '@typescript-eslint/typescript-estree': [ '5.62.0' ],
54 silly audit   'is-glob': [ '4.0.3', '4.0.1' ],
54 silly audit   '@typescript-eslint/utils': [ '5.62.0' ],
54 silly audit   '@typescript-eslint/visitor-keys': [ '5.62.0' ],
54 silly audit   '@ungap/structured-clone': [ '1.3.0' ],
54 silly audit   '@webassemblyjs/ast': [ '1.14.1' ],
54 silly audit   '@webassemblyjs/floating-point-hex-parser': [ '1.13.2' ],
54 silly audit   '@webassemblyjs/helper-api-error': [ '1.13.2' ],
54 silly audit   '@webassemblyjs/helper-buffer': [ '1.14.1' ],
54 silly audit   '@webassemblyjs/helper-numbers': [ '1.13.2' ],
54 silly audit   '@webassemblyjs/helper-wasm-bytecode': [ '1.13.2' ],
54 silly audit   '@webassemblyjs/helper-wasm-section': [ '1.14.1' ],
54 silly audit   '@webassemblyjs/ieee754': [ '1.13.2' ],
54 silly audit   '@webassemblyjs/leb128': [ '1.13.2' ],
54 silly audit   '@webassemblyjs/utf8': [ '1.13.2' ],
54 silly audit   '@webassemblyjs/wasm-edit': [ '1.14.1' ],
54 silly audit   '@webassemblyjs/wasm-gen': [ '1.14.1' ],
54 silly audit   '@webassemblyjs/wasm-opt': [ '1.14.1' ],
54 silly audit   '@webassemblyjs/wasm-parser': [ '1.14.1' ],
54 silly audit   '@webassemblyjs/wast-printer': [ '1.14.1' ],
54 silly audit   '@xtuc/ieee754': [ '1.2.0' ],
54 silly audit   '@xtuc/long': [ '4.2.2' ],
54 silly audit   abab: [ '2.0.6' ],
54 silly audit   accepts: [ '1.3.7', '1.3.8' ],
54 silly audit   'mime-types': [ '2.1.26', '2.1.35' ],
54 silly audit   acorn: [ '8.14.1', '7.4.1' ],
54 silly audit   'acorn-globals': [ '6.0.0' ],
54 silly audit   'acorn-jsx': [ '5.3.2' ],
54 silly audit   'acorn-walk': [ '7.2.0' ],
54 silly audit   address: [ '1.2.2', '1.1.2' ],
54 silly audit   'adjust-sourcemap-loader': [ '4.0.0' ],
54 silly audit   'agent-base': [ '6.0.2' ],
54 silly audit   ajv: [ '6.12.6', '8.17.1' ],
54 silly audit   'ajv-keywords': [ '3.5.2', '3.4.1', '5.1.0' ],
54 silly audit   'fast-deep-equal': [ '3.1.1', '3.1.3' ],
54 silly audit   'ansi-escapes': [ '4.3.0', '4.3.2' ],
54 silly audit   'ansi-html': [ '0.0.9' ],
54 silly audit   'ansi-html-community': [ '0.0.8' ],
54 silly audit   'any-promise': [ '1.3.0' ],
54 silly audit   anymatch: [ '3.1.3' ],
54 silly audit   picomatch: [ '2.2.1', '2.3.1' ],
54 silly audit   arg: [ '5.0.2' ],
54 silly audit   'array-buffer-byte-length': [ '1.0.2' ],
54 silly audit   'array-flatten': [ '1.1.1' ],
54 silly audit   'array-includes': [ '3.1.8' ],
54 silly audit   'array-union': [ '2.1.0' ],
54 silly audit   'array.prototype.findlast': [ '1.2.5' ],
54 silly audit   'array.prototype.findlastindex': [ '1.2.6' ],
54 silly audit   'array.prototype.flat': [ '1.3.3' ],
54 silly audit   'array.prototype.flatmap': [ '1.3.3' ],
54 silly audit   'array.prototype.tosorted': [ '1.1.4' ],
54 silly audit   'arraybuffer.prototype.slice': [ '1.0.4' ],
54 silly audit   asap: [ '2.0.6' ],
54 silly audit   'ast-types-flow': [ '0.0.8' ],
54 silly audit   async: [ '3.2.6' ],
54 silly audit   'async-function': [ '1.0.0' ],
54 silly audit   asynckit: [ '0.4.0' ],
54 silly audit   'at-least-node': [ '1.0.0' ],
54 silly audit   autoprefixer: [ '10.4.21' ],
54 silly audit   'caniuse-lite': [ '1.0.30001717', '1.0.30001027' ],
54 silly audit   'available-typed-arrays': [ '1.0.7' ],
54 silly audit   'axe-core': [ '4.10.3' ],
54 silly audit   'axobject-query': [ '4.1.0' ],
54 silly audit   'babel-jest': [ '27.5.1' ],
54 silly audit   'babel-loader': [ '8.4.1' ],
54 silly audit   'schema-utils': [ '2.7.1', '3.3.0', '2.7.0', '4.3.2' ],
54 silly audit   'babel-plugin-istanbul': [ '6.1.1' ],
54 silly audit   'babel-plugin-jest-hoist': [ '27.5.1' ],
54 silly audit   'babel-plugin-macros': [ '3.1.0' ],
54 silly audit   'babel-plugin-named-asset-import': [ '0.3.8' ],
54 silly audit   'babel-plugin-polyfill-corejs2': [ '0.4.13' ],
54 silly audit   'babel-plugin-polyfill-corejs3': [ '0.11.1' ],
54 silly audit   'babel-plugin-polyfill-regenerator': [ '0.6.4' ],
54 silly audit   'babel-plugin-transform-react-remove-prop-types': [ '0.4.24' ],
54 silly audit   'babel-preset-current-node-syntax': [ '1.1.0' ],
54 silly audit   'babel-preset-jest': [ '27.5.1' ],
54 silly audit   'babel-preset-react-app': [ '10.1.0' ],
54 silly audit   'balanced-match': [ '1.0.0' ],
54 silly audit   batch: [ '0.6.1' ],
54 silly audit   bfj: [ '7.1.0' ],
54 silly audit   'big.js': [ '5.2.2' ],
54 silly audit   'binary-extensions': [ '2.0.0' ],
54 silly audit   bluebird: [ '3.7.2' ],
54 silly audit   'body-parser': [ '1.20.3' ],
54 silly audit   'content-type': [ '1.0.5', '1.0.4' ],
54 silly audit   ms: [ '2.0.0', '2.1.3', '2.1.2' ],
54 silly audit   'bonjour-service': [ '1.3.0' ],
54 silly audit   boolbase: [ '1.0.0' ],
54 silly audit   'brace-expansion': [ '1.1.11', '2.0.1' ],
54 silly audit   braces: [ '3.0.3', '3.0.2' ],
54 silly audit   'browser-process-hrtime': [ '1.0.0' ],
54 silly audit   browserslist: [ '4.24.5', '4.8.7' ],
54 silly audit   bser: [ '2.1.1' ],
54 silly audit   'buffer-from': [ '1.1.1' ],
54 silly audit   'builtin-modules': [ '3.3.0' ],
54 silly audit   bytes: [ '3.1.2', '3.0.0' ],
54 silly audit   'call-bind': [ '1.0.8' ],
54 silly audit   'call-bind-apply-helpers': [ '1.0.2' ],
54 silly audit   'function-bind': [ '1.1.2', '1.1.1' ],
54 silly audit   'call-bound': [ '1.0.4' ],
54 silly audit   callsites: [ '3.1.0' ],
54 silly audit   'camel-case': [ '4.1.2' ],
54 silly audit   'camelcase-css': [ '2.0.1' ],
54 silly audit   'caniuse-api': [ '3.0.0' ],
54 silly audit   'electron-to-chromium': [ '1.3.349', '1.5.151' ],
54 silly audit   'node-releases': [ '1.1.49', '2.0.19' ],
54 silly audit   'case-sensitive-paths-webpack-plugin': [ '2.4.0' ],
54 silly audit   'char-regex': [ '1.0.2', '2.0.2' ],
54 silly audit   'check-types': [ '11.2.3' ],
54 silly audit   chokidar: [ '3.6.0' ],
54 silly audit   'fill-range': [ '7.0.1', '7.1.1' ],
54 silly audit   'chrome-trace-event': [ '1.0.2' ],
54 silly audit   tslib: [ '1.10.0', '2.8.1' ],
54 silly audit   'ci-info': [ '3.9.0' ],
54 silly audit   'cjs-module-lexer': [ '1.4.3' ],
54 silly audit   'clean-css': [ '5.3.3' ],
54 silly audit   cliui: [ '7.0.4' ],
54 silly audit   co: [ '4.6.0' ],
54 silly audit   coa: [ '2.0.2' ],
54 silly audit   'collect-v8-coverage': [ '1.0.2' ],
54 silly audit   colord: [ '2.9.3' ],
54 silly audit   colorette: [ '2.0.20' ],
54 silly audit   'combined-stream': [ '1.0.8' ],
54 silly audit   commander: [ '2.20.3', '8.3.0', '7.2.0', '4.1.1' ],
54 silly audit   'common-tags': [ '1.8.0' ],
54 silly audit   commondir: [ '1.0.1' ],
54 silly audit   compressible: [ '2.0.18' ],
54 silly audit   compression: [ '1.7.4' ],
54 silly audit   'concat-map': [ '0.0.1' ],
54 silly audit   'confusing-browser-globals': [ '1.0.11' ],
54 silly audit   'connect-history-api-fallback': [ '2.0.0' ],
54 silly audit   'content-disposition': [ '0.5.4' ],
54 silly audit   'safe-buffer': [ '5.2.1', '5.2.0', '5.1.2' ],
54 silly audit   cookie: [ '0.7.1', '1.0.2' ],
54 silly audit   'cookie-signature': [ '1.0.6' ],
54 silly audit   'core-js': [ '3.42.0' ],
54 silly audit   'core-js-compat': [ '3.42.0' ],
54 silly audit   'core-js-pure': [ '3.42.0' ],
54 silly audit   'core-util-is': [ '1.0.2' ],
54 silly audit   cosmiconfig: [ '7.1.0', '6.0.0' ],
54 silly audit   'cross-spawn': [ '7.0.6' ],
54 silly audit   'crypto-random-string': [ '2.0.0' ],
54 silly audit   'css-blank-pseudo': [ '3.0.3' ],
54 silly audit   'css-declaration-sorter': [ '6.4.1' ],
54 silly audit   'css-has-pseudo': [ '3.0.4' ],
54 silly audit   'css-loader': [ '6.11.0' ],
54 silly audit   'css-minimizer-webpack-plugin': [ '3.4.1' ],
54 silly audit   'css-prefers-color-scheme': [ '6.0.3' ],
54 silly audit   'css-select': [ '4.3.0', '2.1.0' ],
54 silly audit   'css-select-base-adapter': [ '0.1.1' ],
54 silly audit   'css-tree': [ '1.0.0-alpha.37', '1.1.3' ],
54 silly audit   'css-what': [ '6.1.0', '3.2.1' ],
54 silly audit   'css.escape': [ '1.5.1' ],
54 silly audit   cssdb: [ '7.11.2' ],
54 silly audit   cssesc: [ '3.0.0' ],
54 silly audit   cssnano: [ '5.1.15' ],
54 silly audit   'cssnano-preset-default': [ '5.2.14' ],
54 silly audit   'cssnano-utils': [ '3.1.0' ],
54 silly audit   lilconfig: [ '2.1.0', '3.1.3' ],
54 silly audit   csso: [ '4.0.2', '4.2.0' ],
54 silly audit   cssom: [ '0.4.4', '0.3.8' ],
54 silly audit   cssstyle: [ '2.3.0' ],
54 silly audit   csstype: [ '3.1.3' ],
54 silly audit   'damerau-levenshtein': [ '1.0.8' ],
54 silly audit   'data-urls': [ '2.0.0' ],
54 silly audit   'data-view-buffer': [ '1.0.2' ],
54 silly audit   'data-view-byte-length': [ '1.0.2' ],
54 silly audit   'data-view-byte-offset': [ '1.0.1' ],
54 silly audit   'decimal.js': [ '10.5.0' ],
54 silly audit   dedent: [ '0.7.0' ],
54 silly audit   'deep-is': [ '0.1.4', '0.1.3' ],
54 silly audit   deepmerge: [ '4.3.1' ],
54 silly audit   'default-gateway': [ '6.0.3' ],
54 silly audit   'define-data-property': [ '1.1.4' ],
54 silly audit   'define-lazy-prop': [ '2.0.0' ],
54 silly audit   'define-properties': [ '1.2.1', '1.1.3' ],
54 silly audit   'delayed-stream': [ '1.0.0' ],
54 silly audit   depd: [ '2.0.0', '1.1.2' ],
54 silly audit   dequal: [ '2.0.3' ],
54 silly audit   destroy: [ '1.2.0' ],
54 silly audit   'detect-newline': [ '3.1.0' ],
54 silly audit   'detect-node': [ '2.0.4' ],
54 silly audit   'detect-port-alt': [ '1.1.6' ],
54 silly audit   didyoumean: [ '1.2.2' ],
54 silly audit   'diff-sequences': [ '27.5.1' ],
54 silly audit   'dir-glob': [ '3.0.1' ],
54 silly audit   dlv: [ '1.1.3' ],
54 silly audit   'dns-packet': [ '5.6.1' ],
54 silly audit   doctrine: [ '2.1.0', '3.0.0' ],
54 silly audit   'dom-converter': [ '0.2.0' ],
54 silly audit   'dom-serializer': [ '1.4.1', '0.2.2' ],
54 silly audit   domelementtype: [ '2.0.1', '2.3.0', '1.3.1' ],
54 silly audit   domexception: [ '2.0.1' ],
54 silly audit   'webidl-conversions': [ '5.0.0', '6.1.0', '4.0.2' ],
54 silly audit   domhandler: [ '4.3.1' ],
54 silly audit   domutils: [ '2.8.0', '1.7.0' ],
54 silly audit   'dot-case': [ '3.0.4' ],
54 silly audit   dotenv: [ '10.0.0' ],
54 silly audit   'dotenv-expand': [ '5.1.0' ],
54 silly audit   'dunder-proto': [ '1.0.1' ],
54 silly audit   duplexer: [ '0.1.2' ],
54 silly audit   eastasianwidth: [ '0.2.0' ],
54 silly audit   'ee-first': [ '1.1.1' ],
54 silly audit   ejs: [ '3.1.10' ],
54 silly audit   emittery: [ '0.8.1', '0.10.2' ],
54 silly audit   'emojis-list': [ '3.0.0' ],
54 silly audit   encodeurl: [ '2.0.0', '1.0.2' ],
54 silly audit   'enhanced-resolve': [ '5.18.1' ],
54 silly audit   entities: [ '2.0.0' ],
54 silly audit   'error-ex': [ '1.3.2' ],
54 silly audit   'error-stack-parser': [ '2.1.4' ],
54 silly audit   'es-abstract': [ '1.23.9', '1.17.4' ],
54 silly audit   'es-define-property': [ '1.0.1' ],
54 silly audit   'es-errors': [ '1.3.0' ],
54 silly audit   'es-iterator-helpers': [ '1.2.1' ],
54 silly audit   'es-module-lexer': [ '1.7.0' ],
54 silly audit   'es-object-atoms': [ '1.1.1' ],
54 silly audit   'es-set-tostringtag': [ '2.1.0' ],
54 silly audit   'es-shim-unscopables': [ '1.1.0' ],
54 silly audit   'es-to-primitive': [ '1.3.0', '1.2.1' ],
54 silly audit   escalade: [ '3.2.0' ],
54 silly audit   'escape-html': [ '1.0.3' ],
54 silly audit   escodegen: [ '1.14.3', '2.1.0' ],
54 silly audit   estraverse: [ '4.3.0', '5.3.0' ],
54 silly audit   levn: [ '0.3.0', '0.4.1' ],
54 silly audit   optionator: [ '0.8.3', '0.9.4' ],
54 silly audit   'word-wrap': [ '1.2.3', '1.2.5' ],
54 silly audit   eslint: [ '8.57.1' ],
54 silly audit   'eslint-config-react-app': [ '7.0.1' ],
54 silly audit   'eslint-import-resolver-node': [ '0.3.9' ],
54 silly audit   'eslint-module-utils': [ '2.12.0' ],
54 silly audit   'eslint-plugin-flowtype': [ '8.0.3' ],
54 silly audit   'eslint-plugin-import': [ '2.31.0' ],
54 silly audit   'eslint-plugin-jest': [ '25.7.0' ],
54 silly audit   'eslint-plugin-jsx-a11y': [ '6.10.2' ],
54 silly audit   'eslint-plugin-react': [ '7.37.5' ],
54 silly audit   'eslint-plugin-react-hooks': [ '4.6.2' ],
54 silly audit   'eslint-plugin-testing-library': [ '5.11.1' ],
54 silly audit   'eslint-scope': [ '5.1.1', '7.2.2' ],
54 silly audit   'eslint-webpack-plugin': [ '3.2.0' ],
54 silly audit   'jest-worker': [ '28.1.3', '27.5.1', '26.6.2' ],
54 silly audit   'find-up': [ '5.0.0', '4.1.0', '3.0.0' ],
54 silly audit   'glob-parent': [ '6.0.2', '5.1.2' ],
54 silly audit   'locate-path': [ '6.0.0', '5.0.0', '3.0.0' ],
54 silly audit   'p-limit': [ '3.1.0', '2.2.2' ],
54 silly audit   'p-locate': [ '5.0.0', '4.1.0', '3.0.0' ],
54 silly audit   espree: [ '9.6.1' ],
54 silly audit   esprima: [ '4.0.1', '1.2.2' ],
54 silly audit   esquery: [ '1.6.0' ],
54 silly audit   esrecurse: [ '4.3.0' ],
54 silly audit   'estree-walker': [ '1.0.1' ],
54 silly audit   esutils: [ '2.0.3' ],
54 silly audit   etag: [ '1.8.1' ],
54 silly audit   eventemitter3: [ '4.0.0' ],
54 silly audit   events: [ '3.3.0' ],
54 silly audit   execa: [ '5.1.1' ],
54 silly audit   'signal-exit': [ '3.0.7', '4.1.0', '3.0.2' ],
54 silly audit   exit: [ '0.1.2' ],
54 silly audit   expect: [ '27.5.1' ],
54 silly audit   express: [ '4.21.2' ],
54 silly audit   negotiator: [ '0.6.3', '0.6.2' ],
54 silly audit   'fast-glob': [ '3.3.3' ],
54 silly audit   'fast-json-stable-stringify': [ '2.1.0' ],
54 silly audit   'fast-levenshtein': [ '2.0.6' ],
54 silly audit   'fast-uri': [ '3.0.6' ],
54 silly audit   fastq: [ '1.19.1' ],
54 silly audit   'faye-websocket': [ '0.11.4' ],
54 silly audit   'http-parser-js': [ '0.4.10', '0.5.10' ],
54 silly audit   'websocket-driver': [ '0.7.3', '0.7.4' ],
54 silly audit   'fb-watchman': [ '2.0.1' ],
54 silly audit   'file-entry-cache': [ '6.0.1' ],
54 silly audit   'file-loader': [ '6.2.0' ],
54 silly audit   filelist: [ '1.0.4' ],
54 silly audit   minimatch: [ '5.1.6', '3.0.4', '3.1.2', '9.0.5' ],
54 silly audit   filesize: [ '8.0.7' ],
54 silly audit   finalhandler: [ '1.3.1' ],
54 silly audit   'find-cache-dir': [ '3.3.2' ],
54 silly audit   'flat-cache': [ '3.2.0' ],
54 silly audit   flatted: [ '3.3.3' ],
54 silly audit   'follow-redirects': [ '1.10.0' ],
54 silly audit   'for-each': [ '0.3.5' ],
54 silly audit   'foreground-child': [ '3.3.1' ],
54 silly audit   'fork-ts-checker-webpack-plugin': [ '6.5.3' ],
54 silly audit   'import-fresh': [ '3.2.1', '3.3.1' ],
54 silly audit   'regenerator-runtime': [ '0.13.3', '0.13.11' ],
54 silly audit   tapable: [ '1.1.3', '2.2.1' ],
54 silly audit   yaml: [ '1.7.2', '2.7.1', '1.10.2' ],
54 silly audit   'form-data': [ '3.0.3' ],
54 silly audit   forwarded: [ '0.2.0' ],
54 silly audit   'fraction.js': [ '4.3.7' ],
54 silly audit   fresh: [ '0.5.2' ],
54 silly audit   'fs-extra': [ '9.1.0', '10.1.0' ],
54 silly audit   'graceful-fs': [ '4.2.3', '4.2.11' ],
54 silly audit   'fs-monkey': [ '1.0.6' ],
54 silly audit   'fs.realpath': [ '1.0.0' ],
54 silly audit   'function.prototype.name': [ '1.1.8' ],
54 silly audit   'functions-have-names': [ '1.2.3' ],
54 silly audit   'get-caller-file': [ '2.0.5' ],
54 silly audit   'get-intrinsic': [ '1.3.0' ],
54 silly audit   'get-own-enumerable-property-symbols': [ '3.0.2' ],
54 silly audit   'get-package-type': [ '0.1.0' ],
54 silly audit   'get-proto': [ '1.0.1' ],
54 silly audit   'get-stream': [ '6.0.1' ],
54 silly audit   'get-symbol-description': [ '1.1.0' ],
54 silly audit   glob: [ '7.1.6', '10.4.5' ],
54 silly audit   'glob-to-regexp': [ '0.4.1' ],
54 silly audit   'global-modules': [ '2.0.0' ],
54 silly audit   'global-prefix': [ '3.0.0' ],
54 silly audit   which: [ '1.3.1', '2.0.2' ],
54 silly audit   globalthis: [ '1.0.4' ],
54 silly audit   globby: [ '11.1.0' ],
54 silly audit   gopd: [ '1.2.0' ],
54 silly audit   graphemer: [ '1.4.0' ],
54 silly audit   'gzip-size': [ '6.0.0' ],
54 silly audit   'handle-thing': [ '2.0.0' ],
54 silly audit   'harmony-reflect': [ '1.6.1' ],
54 silly audit   has: [ '1.0.3' ],
54 silly audit   'has-bigints': [ '1.1.0' ],
54 silly audit   'has-property-descriptors': [ '1.0.2' ],
54 silly audit   'has-proto': [ '1.2.0' ],
54 silly audit   'has-symbols': [ '1.1.0', '1.0.1' ],
54 silly audit   'has-tostringtag': [ '1.0.2' ],
54 silly audit   hasown: [ '2.0.2' ],
54 silly audit   he: [ '1.2.0' ],
54 silly audit   hoopy: [ '0.1.4' ],
54 silly audit   'hpack.js': [ '2.1.6' ],
54 silly audit   isarray: [ '1.0.0', '2.0.5' ],
54 silly audit   'readable-stream': [ '2.3.7', '3.6.0' ],
54 silly audit   string_decoder: [ '1.1.1', '1.3.0' ],
54 silly audit   'html-encoding-sniffer': [ '2.0.1' ],
54 silly audit   'html-entities': [ '2.6.0' ],
54 silly audit   'html-escaper': [ '2.0.0' ],
54 silly audit   'html-minifier-terser': [ '6.1.0' ],
54 silly audit   'html-webpack-plugin': [ '5.6.3' ],
54 silly audit   htmlparser2: [ '6.1.0' ],
54 silly audit   'http-deceiver': [ '1.2.7' ],
54 silly audit   'http-errors': [ '2.0.0', '1.6.3' ],
54 silly audit   'http-proxy': [ '1.18.1' ],
54 silly audit   'http-proxy-agent': [ '4.0.1' ],
54 silly audit   'http-proxy-middleware': [ '2.0.9' ],
54 silly audit   'https-proxy-agent': [ '5.0.1' ],
54 silly audit   'human-signals': [ '2.1.0' ],
54 silly audit   'iconv-lite': [ '0.4.24', '0.6.3' ],
54 silly audit   'icss-utils': [ '5.1.0' ],
54 silly audit   idb: [ '7.1.1' ],
54 silly audit   'identity-obj-proxy': [ '3.0.0' ],
54 silly audit   ignore: [ '5.3.2' ],
54 silly audit   immer: [ '9.0.21' ],
54 silly audit   'import-local': [ '3.2.0' ],
54 silly audit   imurmurhash: [ '0.1.4' ],
54 silly audit   'indent-string': [ '4.0.0' ],
54 silly audit   inflight: [ '1.0.6' ],
54 silly audit   inherits: [ '2.0.4', '2.0.3' ],
54 silly audit   ini: [ '1.3.5' ],
54 silly audit   'internal-slot': [ '1.1.0' ],
54 silly audit   'ipaddr.js': [ '2.2.0', '1.9.1' ],
54 silly audit   'is-array-buffer': [ '3.0.5' ],
54 silly audit   'is-arrayish': [ '0.2.1' ],
54 silly audit   'is-async-function': [ '2.1.1' ],
54 silly audit   'is-bigint': [ '1.1.0' ],
54 silly audit   'is-binary-path': [ '2.1.0' ],
54 silly audit   'is-boolean-object': [ '1.2.2' ],
54 silly audit   'is-callable': [ '1.2.7', '1.1.5' ],
54 silly audit   'is-core-module': [ '2.16.1' ],
54 silly audit   'is-data-view': [ '1.0.2' ],
54 silly audit   'is-date-object': [ '1.1.0', '1.0.2' ],
54 silly audit   'is-docker': [ '2.2.1' ],
54 silly audit   'is-extglob': [ '2.1.1' ],
54 silly audit   'is-finalizationregistry': [ '1.1.1' ],
54 silly audit   'is-fullwidth-code-point': [ '3.0.0' ],
54 silly audit   'is-generator-fn': [ '2.1.0' ],
54 silly audit   'is-generator-function': [ '1.1.0' ],
54 silly audit   'is-map': [ '2.0.3' ],
54 silly audit   'is-module': [ '1.0.0' ],
54 silly audit   'is-number': [ '7.0.0' ],
54 silly audit   'is-number-object': [ '1.1.1' ],
54 silly audit   'is-obj': [ '1.0.1' ],
54 silly audit   'is-path-inside': [ '3.0.3' ],
54 silly audit   'is-plain-obj': [ '3.0.0' ],
54 silly audit   'is-potential-custom-element-name': [ '1.0.1' ],
54 silly audit   'is-regex': [ '1.2.1', '1.0.5' ],
54 silly audit   'is-regexp': [ '1.0.0' ],
54 silly audit   'is-root': [ '2.1.0' ],
54 silly audit   'is-set': [ '2.0.3' ],
54 silly audit   'is-shared-array-buffer': [ '1.0.4' ],
54 silly audit   'is-stream': [ '2.0.1' ],
54 silly audit   'is-string': [ '1.1.1' ],
54 silly audit   'is-symbol': [ '1.1.1', '1.0.3' ],
54 silly audit   'is-typed-array': [ '1.1.15' ],
54 silly audit   'is-typedarray': [ '1.0.0' ],
54 silly audit   'is-weakmap': [ '2.0.2' ],
54 silly audit   'is-weakref': [ '1.1.1' ],
54 silly audit   'is-weakset': [ '2.0.4' ],
54 silly audit   'is-wsl': [ '2.2.0' ],
54 silly audit   isexe: [ '2.0.0' ],
54 silly audit   'istanbul-lib-coverage': [ '3.2.2' ],
54 silly audit   'istanbul-lib-instrument': [ '5.2.1' ],
54 silly audit   'istanbul-lib-report': [ '3.0.1' ],
54 silly audit   'make-dir': [ '4.0.0', '3.1.0' ],
54 silly audit   'istanbul-lib-source-maps': [ '4.0.1' ],
54 silly audit   'istanbul-reports': [ '3.1.7' ],
54 silly audit   'iterator.prototype': [ '1.1.5' ],
54 silly audit   jackspeak: [ '3.4.3' ],
54 silly audit   jake: [ '10.9.2' ],
54 silly audit   jest: [ '27.5.1' ],
54 silly audit   'jest-changed-files': [ '27.5.1' ],
54 silly audit   'jest-circus': [ '27.5.1' ],
54 silly audit   'jest-cli': [ '27.5.1' ],
54 silly audit   prompts: [ '2.3.0', '2.4.2' ],
54 silly audit   sisteransi: [ '1.0.4', '1.0.5' ],
54 silly audit   'jest-config': [ '27.5.1' ],
54 silly audit   'parse-json': [ '5.2.0', '5.0.0' ],
54 silly audit   'jest-diff': [ '27.5.1' ],
54 silly audit   'jest-docblock': [ '27.5.1' ],
54 silly audit   'jest-each': [ '27.5.1' ],
54 silly audit   'jest-environment-jsdom': [ '27.5.1' ],
54 silly audit   'jest-environment-node': [ '27.5.1' ],
54 silly audit   'jest-get-type': [ '27.5.1' ],
54 silly audit   'jest-haste-map': [ '27.5.1' ],
54 silly audit   'jest-jasmine2': [ '27.5.1' ],
54 silly audit   'jest-leak-detector': [ '27.5.1' ],
54 silly audit   'jest-matcher-utils': [ '27.5.1' ],
54 silly audit   'jest-message-util': [ '27.5.1', '28.1.3' ],
54 silly audit   'jest-mock': [ '27.5.1' ],
54 silly audit   'jest-pnp-resolver': [ '1.2.3' ],
54 silly audit   'jest-regex-util': [ '27.5.1', '28.0.2' ],
54 silly audit   'jest-resolve': [ '27.5.1' ],
54 silly audit   'jest-resolve-dependencies': [ '27.5.1' ],
54 silly audit   'jest-runner': [ '27.5.1' ],
54 silly audit   'source-map-support': [ '0.5.16', '0.5.21' ],
54 silly audit   'jest-runtime': [ '27.5.1' ],
54 silly audit   'strip-bom': [ '4.0.0', '3.0.0' ],
54 silly audit   'jest-serializer': [ '27.5.1' ],
54 silly audit   'jest-snapshot': [ '27.5.1' ],
54 silly audit   'jest-util': [ '27.5.1', '28.1.3' ],
54 silly audit   'jest-validate': [ '27.5.1' ],
54 silly audit   'jest-watch-typeahead': [ '1.1.0' ],
54 silly audit   slash: [ '4.0.0', '3.0.0' ],
54 silly audit   'string-length': [ '5.0.1', '4.0.2' ],
54 silly audit   'pretty-format': [ '28.1.3', '27.5.1' ],
54 silly audit   'react-is': [ '18.3.1', '16.13.1', '17.0.2' ],
54 silly audit   jiti: [ '1.21.7' ],
54 silly audit   'js-tokens': [ '4.0.0' ],
54 silly audit   jsdom: [ '16.7.0' ],
54 silly audit   ws: [ '7.5.10', '8.18.2' ],
54 silly audit   'json-buffer': [ '3.0.1' ],
54 silly audit   'json-parse-better-errors': [ '1.0.2' ],
54 silly audit   'json-parse-even-better-errors': [ '2.3.1' ],
54 silly audit   'json-schema': [ '0.4.0' ],
54 silly audit   'json-schema-traverse': [ '0.4.1', '1.0.0' ],
54 silly audit   'json-stable-stringify-without-jsonify': [ '1.0.1' ],
54 silly audit   jsonfile: [ '6.1.0' ],
54 silly audit   jsonpath: [ '1.1.1' ],
54 silly audit   jsonpointer: [ '5.0.1' ],
54 silly audit   'jsx-ast-utils': [ '3.3.5' ],
54 silly audit   keyv: [ '4.5.4' ],
54 silly audit   'kind-of': [ '6.0.3' ],
54 silly audit   kleur: [ '3.0.3' ],
54 silly audit   klona: [ '2.0.6' ],
54 silly audit   'language-subtag-registry': [ '0.3.23' ],
54 silly audit   'language-tags': [ '1.0.9' ],
54 silly audit   'launch-editor': [ '2.10.0' ],
54 silly audit   leven: [ '3.1.0' ],
54 silly audit   'prelude-ls': [ '1.2.1', '1.1.2' ],
54 silly audit   'type-check': [ '0.4.0', '0.3.2' ],
54 silly audit   'lines-and-columns': [ '1.1.6' ],
54 silly audit   'loader-runner': [ '4.3.0' ],
54 silly audit   'loader-utils': [ '2.0.4', '3.3.1' ],
54 silly audit   'lodash.debounce': [ '4.0.8' ],
54 silly audit   'lodash.memoize': [ '4.1.2' ],
54 silly audit   'lodash.merge': [ '4.6.2' ],
54 silly audit   'lodash.sortby': [ '4.7.0' ],
54 silly audit   'lodash.uniq': [ '4.5.0' ],
54 silly audit   'loose-envify': [ '1.4.0' ],
54 silly audit   'lower-case': [ '2.0.2' ],
54 silly audit   'lru-cache': [ '5.1.1', '10.4.3' ],
54 silly audit   'lz-string': [ '1.5.0' ],
54 silly audit   'magic-string': [ '0.25.9' ],
54 silly audit   makeerror: [ '1.0.11' ],
54 silly audit   'math-intrinsics': [ '1.1.0' ],
54 silly audit   'mdn-data': [ '2.0.4', '2.0.14' ],
54 silly audit   'media-typer': [ '0.3.0' ],
54 silly audit   memfs: [ '3.6.0' ],
54 silly audit   'merge-descriptors': [ '1.0.3' ],
54 silly audit   'merge-stream': [ '2.0.0' ],
54 silly audit   merge2: [ '1.4.1' ],
54 silly audit   methods: [ '1.1.2' ],
54 silly audit   micromatch: [ '4.0.8' ],
54 silly audit   mime: [ '1.6.0' ],
54 silly audit   'mime-db': [ '1.43.0', '1.52.0' ],
54 silly audit   'mimic-fn': [ '2.1.0' ],
54 silly audit   'min-indent': [ '1.0.1' ],
54 silly audit   'mini-css-extract-plugin': [ '2.9.2' ],
54 silly audit   'minimalistic-assert': [ '1.0.1' ],
54 silly audit   minimist: [ '1.2.0', '0.0.8', '1.2.8' ],
54 silly audit   minipass: [ '7.1.2' ],
54 silly audit   mkdirp: [ '0.5.1' ],
54 silly audit   'multicast-dns': [ '7.2.5' ],
54 silly audit   mz: [ '2.7.0' ],
54 silly audit   nanoid: [ '3.3.11' ],
54 silly audit   'natural-compare': [ '1.4.0' ],
54 silly audit   'natural-compare-lite': [ '1.4.0' ],
54 silly audit   'neo-async': [ '2.6.2' ],
54 silly audit   'no-case': [ '3.0.4' ],
54 silly audit   'node-forge': [ '1.3.1' ],
54 silly audit   'node-int64': [ '0.4.0' ],
54 silly audit   'node-modules-regexp': [ '1.0.0' ],
54 silly audit   'normalize-path': [ '3.0.0' ],
54 silly audit   'normalize-range': [ '0.1.2' ],
54 silly audit   'normalize-url': [ '6.1.0' ],
54 silly audit   'npm-run-path': [ '4.0.1' ],
54 silly audit   'nth-check': [ '2.1.1', '1.0.2' ],
54 silly audit   nwsapi: [ '2.2.20' ],
54 silly audit   'object-assign': [ '4.1.1' ],
54 silly audit   'object-hash': [ '3.0.0' ],
54 silly audit   'object-inspect': [ '1.13.4', '1.7.0' ],
54 silly audit   'object-keys': [ '1.1.1' ],
54 silly audit   'object.assign': [ '4.1.7', '4.1.0' ],
54 silly audit   'object.entries': [ '1.1.9' ],
54 silly audit   'object.fromentries': [ '2.0.8' ],
54 silly audit   'object.getownpropertydescriptors': [ '2.1.0' ],
54 silly audit   'object.groupby': [ '1.0.3' ],
54 silly audit   'object.values': [ '1.2.1', '1.1.1' ],
54 silly audit   obuf: [ '1.1.2' ],
54 silly audit   'on-finished': [ '2.4.1' ],
54 silly audit   'on-headers': [ '1.0.2' ],
54 silly audit   once: [ '1.4.0' ],
54 silly audit   onetime: [ '5.1.2' ],
54 silly audit   open: [ '8.4.2' ],
54 silly audit   'own-keys': [ '1.0.1' ],
54 silly audit   'p-retry': [ '4.6.2' ],
54 silly audit   'p-try': [ '2.2.0' ],
54 silly audit   'package-json-from-dist': [ '1.0.1' ],
54 silly audit   'param-case': [ '3.0.4' ],
54 silly audit   'parent-module': [ '1.0.1' ],
54 silly audit   parse5: [ '6.0.1' ],
54 silly audit   parseurl: [ '1.3.3' ],
54 silly audit   'pascal-case': [ '3.1.2' ],
54 silly audit   'path-exists': [ '4.0.0', '3.0.0' ],
54 silly audit   'path-is-absolute': [ '1.0.1' ],
54 silly audit   'path-key': [ '3.1.1' ],
54 silly audit   'path-scurry': [ '1.11.1' ],
54 silly audit   'path-to-regexp': [ '0.1.12' ],
54 silly audit   'path-type': [ '4.0.0' ],
54 silly audit   'performance-now': [ '2.1.0' ],
54 silly audit   picocolors: [ '1.1.1', '0.2.1' ],
54 silly audit   pify: [ '2.3.0' ],
54 silly audit   'pkg-dir': [ '4.2.0' ],
54 silly audit   'pkg-up': [ '3.1.0' ],
54 silly audit   'possible-typed-array-names': [ '1.1.0' ],
54 silly audit   postcss: [ '8.5.3', '7.0.39' ],
54 silly audit   'postcss-attribute-case-insensitive': [ '5.0.2' ],
54 silly audit   'postcss-browser-comments': [ '4.0.0' ],
54 silly audit   'postcss-calc': [ '8.2.4' ],
54 silly audit   'postcss-clamp': [ '4.1.0' ],
54 silly audit   'postcss-color-functional-notation': [ '4.2.4' ],
54 silly audit   'postcss-color-hex-alpha': [ '8.0.4' ],
54 silly audit   'postcss-color-rebeccapurple': [ '7.1.1' ],
54 silly audit   'postcss-colormin': [ '5.3.1' ],
54 silly audit   'postcss-convert-values': [ '5.1.3' ],
54 silly audit   'postcss-custom-media': [ '8.0.2' ],
54 silly audit   'postcss-custom-properties': [ '12.1.11' ],
54 silly audit   'postcss-custom-selectors': [ '6.0.3' ],
54 silly audit   'postcss-dir-pseudo-class': [ '6.0.5' ],
54 silly audit   'postcss-discard-comments': [ '5.1.2' ],
54 silly audit   'postcss-discard-duplicates': [ '5.1.0' ],
54 silly audit   'postcss-discard-empty': [ '5.1.1' ],
54 silly audit   'postcss-discard-overridden': [ '5.1.0' ],
54 silly audit   'postcss-double-position-gradients': [ '3.1.2' ],
54 silly audit   'postcss-env-function': [ '4.0.6' ],
54 silly audit   'postcss-flexbugs-fixes': [ '5.0.2' ],
54 silly audit   'postcss-focus-visible': [ '6.0.4' ],
54 silly audit   'postcss-focus-within': [ '5.0.4' ],
54 silly audit   'postcss-font-variant': [ '5.0.0' ],
54 silly audit   'postcss-gap-properties': [ '3.0.5' ],
54 silly audit   'postcss-image-set-function': [ '4.0.7' ],
54 silly audit   'postcss-import': [ '15.1.0' ],
54 silly audit   'postcss-value-parser': [ '4.0.2', '4.2.0' ],
54 silly audit   'postcss-initial': [ '4.0.1' ],
54 silly audit   'postcss-js': [ '4.0.1' ],
54 silly audit   'postcss-lab-function': [ '4.2.1' ],
54 silly audit   'postcss-load-config': [ '4.0.2' ],
54 silly audit   'postcss-loader': [ '6.2.1' ],
54 silly audit   'postcss-logical': [ '5.0.4' ],
54 silly audit   'postcss-media-minmax': [ '5.0.0' ],
54 silly audit   'postcss-merge-longhand': [ '5.1.7' ],
54 silly audit   'postcss-merge-rules': [ '5.1.4' ],
54 silly audit   'postcss-minify-font-values': [ '5.1.0' ],
54 silly audit   'postcss-minify-gradients': [ '5.1.1' ],
54 silly audit   'postcss-minify-params': [ '5.1.4' ],
54 silly audit   'postcss-minify-selectors': [ '5.2.1' ],
54 silly audit   'postcss-modules-extract-imports': [ '3.1.0' ],
54 silly audit   'postcss-modules-local-by-default': [ '4.2.0' ],
54 silly audit   'postcss-selector-parser': [ '7.1.0', '6.1.2' ],
54 silly audit   'postcss-modules-scope': [ '3.2.1' ],
54 silly audit   'postcss-modules-values': [ '4.0.0' ],
54 silly audit   'postcss-nested': [ '6.2.0' ],
54 silly audit   'postcss-nesting': [ '10.2.0' ],
54 silly audit   'postcss-normalize': [ '10.0.1' ],
54 silly audit   'postcss-normalize-charset': [ '5.1.0' ],
54 silly audit   'postcss-normalize-display-values': [ '5.1.0' ],
54 silly audit   'postcss-normalize-positions': [ '5.1.1' ],
54 silly audit   'postcss-normalize-repeat-style': [ '5.1.1' ],
54 silly audit   'postcss-normalize-string': [ '5.1.0' ],
54 silly audit   'postcss-normalize-timing-functions': [ '5.1.0' ],
54 silly audit   'postcss-normalize-unicode': [ '5.1.1' ],
54 silly audit   'postcss-normalize-url': [ '5.1.0' ],
54 silly audit   'postcss-normalize-whitespace': [ '5.1.1' ],
54 silly audit   'postcss-opacity-percentage': [ '1.1.3' ],
54 silly audit   'postcss-ordered-values': [ '5.1.3' ],
54 silly audit   'postcss-overflow-shorthand': [ '3.0.4' ],
54 silly audit   'postcss-page-break': [ '3.0.4' ],
54 silly audit   'postcss-place': [ '7.0.5' ],
54 silly audit   'postcss-preset-env': [ '7.8.3' ],
54 silly audit   'postcss-pseudo-class-any-link': [ '7.1.6' ],
54 silly audit   'postcss-reduce-initial': [ '5.1.2' ],
54 silly audit   'postcss-reduce-transforms': [ '5.1.0' ],
54 silly audit   'postcss-replace-overflow-wrap': [ '4.0.0' ],
54 silly audit   'postcss-selector-not': [ '6.0.1' ],
54 silly audit   'postcss-svgo': [ '5.1.0' ],
54 silly audit   svgo: [ '2.8.0', '1.3.2' ],
54 silly audit   'postcss-unique-selectors': [ '5.1.1' ],
54 silly audit   'pretty-bytes': [ '5.6.0' ],
54 silly audit   'pretty-error': [ '4.0.0' ],
54 silly audit   'process-nextick-args': [ '2.0.1' ],
54 silly audit   promise: [ '8.3.0' ],
54 silly audit   'prop-types': [ '15.8.1' ],
54 silly audit   'proxy-addr': [ '2.0.7' ],
54 silly audit   psl: [ '1.15.0' ],
54 silly audit   punycode: [ '2.3.1', '2.1.1' ],
54 silly audit   q: [ '1.5.1' ],
54 silly audit   qs: [ '6.13.0' ],
54 silly audit   querystringify: [ '2.1.1' ],
54 silly audit   'queue-microtask': [ '1.2.3' ],
54 silly audit   raf: [ '3.4.1' ],
54 silly audit   randombytes: [ '2.1.0' ],
54 silly audit   'range-parser': [ '1.2.1' ],
54 silly audit   'raw-body': [ '2.5.2' ],
54 silly audit   react: [ '19.1.0' ],
54 silly audit   'react-app-polyfill': [ '3.0.0' ],
54 silly audit   'react-dev-utils': [ '12.0.1' ],
54 silly audit   'react-dom': [ '19.1.0' ],
54 silly audit   'react-error-overlay': [ '6.1.0' ],
54 silly audit   'react-refresh': [ '0.11.0' ],
54 silly audit   'react-scripts': [ '5.0.1' ],
54 silly audit   'read-cache': [ '1.0.0' ],
54 silly audit   readdirp: [ '3.6.0' ],
54 silly audit   'recursive-readdir': [ '2.2.3' ],
54 silly audit   redent: [ '3.0.0' ],
54 silly audit   'reflect.getprototypeof': [ '1.0.10' ],
54 silly audit   regenerate: [ '1.4.2' ],
54 silly audit   'regenerate-unicode-properties': [ '10.2.0' ],
54 silly audit   'regex-parser': [ '2.3.1' ],
54 silly audit   'regexp.prototype.flags': [ '1.5.4' ],
54 silly audit   'regexpu-core': [ '6.2.0' ],
54 silly audit   regjsgen: [ '0.8.0' ],
54 silly audit   regjsparser: [ '0.12.0' ],
54 silly audit   relateurl: [ '0.2.7' ],
54 silly audit   renderkid: [ '3.0.0' ],
54 silly audit   'require-directory': [ '2.1.1' ],
54 silly audit   'require-from-string': [ '2.0.2' ],
54 silly audit   'requires-port': [ '1.0.0' ],
54 silly audit   'resolve-cwd': [ '3.0.0' ],
54 silly audit   'resolve-url-loader': [ '4.0.0' ],
54 silly audit   'resolve.exports': [ '1.1.1' ],
54 silly audit   retry: [ '0.13.1' ],
54 silly audit   reusify: [ '1.1.0' ],
54 silly audit   rimraf: [ '3.0.2' ],
54 silly audit   rollup: [ '2.79.2' ],
54 silly audit   'rollup-plugin-terser': [ '7.0.2' ],
54 silly audit   'serialize-javascript': [ '4.0.0', '6.0.2' ],
54 silly audit   'run-parallel': [ '1.2.0' ],
54 silly audit   'safe-array-concat': [ '1.1.3' ],
54 silly audit   'safe-push-apply': [ '1.0.0' ],
54 silly audit   'safe-regex-test': [ '1.1.0' ],
54 silly audit   'safer-buffer': [ '2.1.2' ],
54 silly audit   'sanitize.css': [ '13.0.0' ],
54 silly audit   'sass-loader': [ '12.6.0' ],
54 silly audit   sax: [ '1.2.4' ],
54 silly audit   saxes: [ '5.0.1' ],
54 silly audit   scheduler: [ '0.26.0' ],
54 silly audit   'ajv-formats': [ '2.1.1' ],
54 silly audit   'select-hose': [ '2.0.0' ],
54 silly audit   selfsigned: [ '2.4.1' ],
54 silly audit   send: [ '0.19.0' ],
54 silly audit   'serve-index': [ '1.9.1' ],
54 silly audit   setprototypeof: [ '1.1.0', '1.2.0' ],
54 silly audit   statuses: [ '1.5.0', '2.0.1' ],
54 silly audit   'serve-static': [ '1.16.2' ],
54 silly audit   'set-function-length': [ '1.2.2' ],
54 silly audit   'set-function-name': [ '2.0.2' ],
54 silly audit   'set-proto': [ '1.0.0' ],
54 silly audit   'shebang-command': [ '2.0.0' ],
54 silly audit   'shebang-regex': [ '3.0.0' ],
54 silly audit   'shell-quote': [ '1.8.2' ],
54 silly audit   'side-channel': [ '1.1.0' ],
54 silly audit   'side-channel-list': [ '1.0.0' ],
54 silly audit   'side-channel-map': [ '1.0.1' ],
54 silly audit   'side-channel-weakmap': [ '1.0.2' ],
54 silly audit   sockjs: [ '0.3.24' ],
54 silly audit   'source-list-map': [ '2.0.1' ],
54 silly audit   'source-map-js': [ '1.2.1' ],
54 silly audit   'source-map-loader': [ '3.0.2' ],
54 silly audit   'sourcemap-codec': [ '1.4.8' ],
54 silly audit   spdy: [ '4.0.2' ],
54 silly audit   'spdy-transport': [ '3.0.0' ],
54 silly audit   'sprintf-js': [ '1.0.3' ],
54 silly audit   stable: [ '0.1.8' ],
54 silly audit   'stack-utils': [ '2.0.6' ],
54 silly audit   stackframe: [ '1.3.4' ],
54 silly audit   'static-eval': [ '2.0.2' ],
54 silly audit   'string-natural-compare': [ '3.0.1' ],
54 silly audit   'string.prototype.includes': [ '2.0.1' ],
54 silly audit   'string.prototype.matchall': [ '4.0.12' ],
54 silly audit   'string.prototype.repeat': [ '1.0.0' ],
54 silly audit   'string.prototype.trim': [ '1.2.10' ],
54 silly audit   'string.prototype.trimend': [ '1.0.9' ],
54 silly audit   'string.prototype.trimleft': [ '2.1.1' ],
54 silly audit   'string.prototype.trimright': [ '2.1.1' ],
54 silly audit   'string.prototype.trimstart': [ '1.0.8' ],
54 silly audit   'stringify-object': [ '3.3.0' ],
54 silly audit   'strip-comments': [ '2.0.1' ],
54 silly audit   'strip-final-newline': [ '2.0.0' ],
54 silly audit   'strip-indent': [ '3.0.0' ],
54 silly audit   'strip-json-comments': [ '3.1.1' ],
54 silly audit   'style-loader': [ '3.3.4' ],
54 silly audit   stylehacks: [ '5.1.1' ],
54 silly audit   sucrase: [ '3.35.0' ],
54 silly audit   'supports-hyperlinks': [ '2.3.0' ],
54 silly audit   'supports-preserve-symlinks-flag': [ '1.0.0' ],
54 silly audit   'svg-parser': [ '2.0.4' ],
54 silly audit   'symbol-tree': [ '3.2.4' ],
54 silly audit   tailwindcss: [ '3.4.17' ],
54 silly audit   'temp-dir': [ '2.0.0' ],
54 silly audit   tempy: [ '0.6.0' ],
54 silly audit   'terminal-link': [ '2.1.1' ],
54 silly audit   terser: [ '5.39.0' ],
54 silly audit   'terser-webpack-plugin': [ '5.3.14' ],
54 silly audit   'test-exclude': [ '6.0.0' ],
54 silly audit   'text-table': [ '0.2.0' ],
54 silly audit   thenify: [ '3.3.1' ],
54 silly audit   'thenify-all': [ '1.6.0' ],
54 silly audit   throat: [ '6.0.2' ],
54 silly audit   thunky: [ '1.1.0' ],
54 silly audit   tmpl: [ '1.0.4' ],
54 silly audit   'to-fast-properties': [ '2.0.0' ],
54 silly audit   'to-regex-range': [ '5.0.1' ],
54 silly audit   toidentifier: [ '1.0.1' ],
54 silly audit   'tough-cookie': [ '4.1.4' ],
54 silly audit   universalify: [ '0.2.0', '2.0.1' ],
54 silly audit   tr46: [ '2.1.0', '1.0.1' ],
54 silly audit   tryer: [ '1.0.1' ],
54 silly audit   'ts-interface-checker': [ '0.1.13' ],
54 silly audit   'tsconfig-paths': [ '3.15.0' ],
54 silly audit   tsutils: [ '3.21.0' ],
54 silly audit   'type-detect': [ '4.0.8' ],
54 silly audit   'type-is': [ '1.6.18' ],
54 silly audit   'typed-array-buffer': [ '1.0.3' ],
54 silly audit   'typed-array-byte-length': [ '1.0.3' ],
54 silly audit   'typed-array-byte-offset': [ '1.0.4' ],
54 silly audit   'typed-array-length': [ '1.0.7' ],
54 silly audit   'typedarray-to-buffer': [ '3.1.5' ],
54 silly audit   typescript: [ '4.9.5' ],
54 silly audit   'unbox-primitive': [ '1.1.0' ],
54 silly audit   underscore: [ '1.12.1' ],
54 silly audit   'unicode-canonical-property-names-ecmascript': [ '2.0.1' ],
54 silly audit   'unicode-match-property-ecmascript': [ '2.0.0' ],
54 silly audit   'unicode-match-property-value-ecmascript': [ '2.2.0' ],
54 silly audit   'unicode-property-aliases-ecmascript': [ '2.1.0' ],
54 silly audit   'unique-string': [ '2.0.0' ],
54 silly audit   unpipe: [ '1.0.0' ],
54 silly audit   unquote: [ '1.1.1' ],
54 silly audit   upath: [ '1.2.0' ],
54 silly audit   'update-browserslist-db': [ '1.1.3' ],
54 silly audit   'uri-js': [ '4.2.2' ],
54 silly audit   'url-parse': [ '1.5.10' ],
54 silly audit   'util-deprecate': [ '1.0.2' ],
54 silly audit   'util.promisify': [ '1.0.1' ],
54 silly audit   utila: [ '0.4.0' ],
54 silly audit   'utils-merge': [ '1.0.1' ],
54 silly audit   uuid: [ '8.3.2' ],
54 silly audit   'v8-to-istanbul': [ '8.1.1' ],
54 silly audit   vary: [ '1.1.2' ],
54 silly audit   'w3c-hr-time': [ '1.0.2' ],
54 silly audit   'w3c-xmlserializer': [ '2.0.0' ],
54 silly audit   walker: [ '1.0.7' ],
54 silly audit   watchpack: [ '2.4.2' ],
54 silly audit   wbuf: [ '1.7.3' ],
54 silly audit   'web-vitals': [ '2.1.4' ],
54 silly audit   webpack: [ '5.99.8' ],
54 silly audit   'webpack-dev-middleware': [ '5.3.4' ],
54 silly audit   'webpack-dev-server': [ '4.15.2' ],
54 silly audit   'webpack-manifest-plugin': [ '4.1.1' ],
54 silly audit   'webpack-sources': [ '2.3.1', '1.4.3', '3.2.3' ],
54 silly audit   'websocket-extensions': [ '0.1.3' ],
54 silly audit   'whatwg-encoding': [ '1.0.5' ],
54 silly audit   'whatwg-fetch': [ '3.6.20' ],
54 silly audit   'whatwg-mimetype': [ '2.3.0' ],
54 silly audit   'whatwg-url': [ '8.7.0', '7.1.0' ],
54 silly audit   'which-boxed-primitive': [ '1.1.1' ],
54 silly audit   'which-builtin-type': [ '1.2.1' ],
54 silly audit   'which-collection': [ '1.0.2' ],
54 silly audit   'which-typed-array': [ '1.1.19' ],
54 silly audit   'workbox-background-sync': [ '6.6.1' ],
54 silly audit   'workbox-broadcast-update': [ '6.6.1' ],
54 silly audit   'workbox-build': [ '6.6.1' ],
54 silly audit   '@apideck/better-ajv-errors': [ '0.3.6' ],
54 silly audit   'workbox-cacheable-response': [ '6.6.1' ],
54 silly audit   'workbox-core': [ '6.6.1' ],
54 silly audit   'workbox-expiration': [ '6.6.1' ],
54 silly audit   'workbox-google-analytics': [ '6.6.1' ],
54 silly audit   'workbox-navigation-preload': [ '6.6.1' ],
54 silly audit   'workbox-precaching': [ '6.6.1' ],
54 silly audit   'workbox-range-requests': [ '6.6.1' ],
54 silly audit   'workbox-recipes': [ '6.6.1' ],
54 silly audit   'workbox-routing': [ '6.6.1' ],
54 silly audit   'workbox-strategies': [ '6.6.1' ],
54 silly audit   'workbox-streams': [ '6.6.1' ],
54 silly audit   'workbox-sw': [ '6.6.1' ],
54 silly audit   'workbox-webpack-plugin': [ '6.6.1' ],
54 silly audit   'workbox-window': [ '6.6.1' ],
54 silly audit   wrappy: [ '1.0.2' ],
54 silly audit   'write-file-atomic': [ '3.0.3' ],
54 silly audit   'xml-name-validator': [ '3.0.0' ],
54 silly audit   xmlchars: [ '2.2.0' ],
54 silly audit   y18n: [ '5.0.8' ],
54 silly audit   yallist: [ '3.1.1' ],
54 silly audit   yargs: [ '16.2.0' ],
54 silly audit   'yargs-parser': [ '20.2.9' ],
54 silly audit   'yocto-queue': [ '0.1.0' ],
54 silly audit   'react-router-dom': [ '7.6.1' ],
54 silly audit   'react-router': [ '7.6.1' ],
54 silly audit   'set-cookie-parser': [ '2.7.1' ]
54 silly audit }
55 silly tarball no local data for react-router-dom@https://registry.npmjs.org/react-router-dom/-/react-router-dom-7.6.1.tgz. Extracting by manifest.
56 silly tarball no local data for react-router@https://registry.npmjs.org/react-router/-/react-router-7.6.1.tgz. Extracting by manifest.
57 http fetch GET 200 https://registry.npmjs.org/react-router-dom/-/react-router-dom-7.6.1.tgz 71ms (cache miss)
58 http fetch POST 200 https://registry.npmjs.org/-/npm/v1/security/advisories/bulk 209ms
59 silly audit report {
59 silly audit report   debug: [
59 silly audit report     {
59 silly audit report       id: 1096792,
59 silly audit report       url: 'https://github.com/advisories/GHSA-gxpj-cx7g-858c',
59 silly audit report       title: 'Regular Expression Denial of Service in debug',
59 silly audit report       severity: 'low',
59 silly audit report       vulnerable_versions: '>=4.0.0 <4.3.1',
59 silly audit report       cwe: [Array],
59 silly audit report       cvss: [Object]
59 silly audit report     },
59 silly audit report     {
59 silly audit report       id: 1096793,
59 silly audit report       url: 'https://github.com/advisories/GHSA-gxpj-cx7g-858c',
59 silly audit report       title: 'Regular Expression Denial of Service in debug',
59 silly audit report       severity: 'low',
59 silly audit report       vulnerable_versions: '>=3.2.0 <3.2.7',
59 silly audit report       cwe: [Array],
59 silly audit report       cvss: [Object]
59 silly audit report     }
59 silly audit report   ],
59 silly audit report   'path-parse': [
59 silly audit report     {
59 silly audit report       id: 1089681,
59 silly audit report       url: 'https://github.com/advisories/GHSA-hj48-42vr-x3v9',
59 silly audit report       title: 'Regular Expression Denial of Service in path-parse',
59 silly audit report       severity: 'moderate',
59 silly audit report       vulnerable_versions: '<1.0.7',
59 silly audit report       cwe: [Array],
59 silly audit report       cvss: [Object]
59 silly audit report     }
59 silly audit report   ],
59 silly audit report   lodash: [
59 silly audit report     {
59 silly audit report       id: 1096996,
59 silly audit report       url: 'https://github.com/advisories/GHSA-35jh-r3h4-6jhm',
59 silly audit report       title: 'Command Injection in lodash',
59 silly audit report       severity: 'high',
59 silly audit report       vulnerable_versions: '<4.17.21',
59 silly audit report       cwe: [Array],
59 silly audit report       cvss: [Object]
59 silly audit report     },
59 silly audit report     {
59 silly audit report       id: 1094500,
59 silly audit report       url: 'https://github.com/advisories/GHSA-29mw-wpgm-hmr9',
59 silly audit report       title: 'Regular Expression Denial of Service (ReDoS) in lodash',
59 silly audit report       severity: 'moderate',
59 silly audit report       vulnerable_versions: '<4.17.21',
59 silly audit report       cwe: [Array],
59 silly audit report       cvss: [Object]
59 silly audit report     },
59 silly audit report     {
59 silly audit report       id: 1096305,
59 silly audit report       url: 'https://github.com/advisories/GHSA-p6mc-m468-83gw',
59 silly audit report       title: 'Prototype Pollution in lodash',
59 silly audit report       severity: 'high',
59 silly audit report       vulnerable_versions: '>=3.7.0 <4.17.19',
59 silly audit report       cwe: [Array],
59 silly audit report       cvss: [Object]
59 silly audit report     }
59 silly audit report   ],
59 silly audit report   '@babel/helpers': [
59 silly audit report     {
59 silly audit report       id: 1104001,
59 silly audit report       url: 'https://github.com/advisories/GHSA-968p-4wvh-cqc8',
59 silly audit report       title: 'Babel has inefficient RegExp complexity in generated code with .replace when transpiling named capturing groups',
59 silly audit report       severity: 'moderate',
59 silly audit report       vulnerable_versions: '<7.26.10',
59 silly audit report       cwe: [Array],
59 silly audit report       cvss: [Object]
59 silly audit report     }
59 silly audit report   ],
59 silly audit report   '@babel/runtime': [
59 silly audit report     {
59 silly audit report       id: 1104000,
59 silly audit report       url: 'https://github.com/advisories/GHSA-968p-4wvh-cqc8',
59 silly audit report       title: 'Babel has inefficient RegExp complexity in generated code with .replace when transpiling named capturing groups',
59 silly audit report       severity: 'moderate',
59 silly audit report       vulnerable_versions: '<7.26.10',
59 silly audit report       cwe: [Array],
59 silly audit report       cvss: [Object]
59 silly audit report     }
59 silly audit report   ],
59 silly audit report   '@babel/traverse': [
59 silly audit report     {
59 silly audit report       id: 1096886,
59 silly audit report       url: 'https://github.com/advisories/GHSA-67hx-6x53-jw92',
59 silly audit report       title: 'Babel vulnerable to arbitrary code execution when compiling specifically crafted malicious code',
59 silly audit report       severity: 'critical',
59 silly audit report       vulnerable_versions: '<7.23.2',
59 silly audit report       cwe: [Array],
59 silly audit report       cvss: [Object]
59 silly audit report     }
59 silly audit report   ],
59 silly audit report   'ansi-regex': [
59 silly audit report     {
59 silly audit report       id: 1094092,
59 silly audit report       url: 'https://github.com/advisories/GHSA-93q8-gq69-wqmw',
59 silly audit report       title: 'Inefficient Regular Expression Complexity in chalk/ansi-regex',
59 silly audit report       severity: 'high',
59 silly audit report       vulnerable_versions: '>=5.0.0 <5.0.1',
59 silly audit report       cwe: [Array],
59 silly audit report       cvss: [Object]
59 silly audit report     }
59 silly audit report   ],
59 silly audit report   json5: [
59 silly audit report     {
59 silly audit report       id: 1096544,
59 silly audit report       url: 'https://github.com/advisories/GHSA-9c47-m6qq-7p4h',
59 silly audit report       title: 'Prototype Pollution in JSON5 via Parse Method',
59 silly audit report       severity: 'high',
59 silly audit report       vulnerable_versions: '>=2.0.0 <2.2.2',
59 silly audit report       cwe: [Array],
59 silly audit report       cvss: [Object]
59 silly audit report     }
59 silly audit report   ],
59 silly audit report   semver: [
59 silly audit report     {
59 silly audit report       id: 1101089,
59 silly audit report       url: 'https://github.com/advisories/GHSA-c2qf-rxjj-qqgw',
59 silly audit report       title: 'semver vulnerable to Regular Expression Denial of Service',
59 silly audit report       severity: 'high',
59 silly audit report       vulnerable_versions: '<5.7.2',
59 silly audit report       cwe: [Array],
59 silly audit report       cvss: [Object]
59 silly audit report     },
59 silly audit report     {
59 silly audit report       id: 1101090,
59 silly audit report       url: 'https://github.com/advisories/GHSA-c2qf-rxjj-qqgw',
59 silly audit report       title: 'semver vulnerable to Regular Expression Denial of Service',
59 silly audit report       severity: 'high',
59 silly audit report       vulnerable_versions: '>=6.0.0 <6.3.1',
59 silly audit report       cwe: [Array],
59 silly audit report       cvss: [Object]
59 silly audit report     }
59 silly audit report   ],
59 silly audit report   braces: [
59 silly audit report     {
59 silly audit report       id: 1098094,
59 silly audit report       url: 'https://github.com/advisories/GHSA-grv7-fg5c-xmjg',
59 silly audit report       title: 'Uncontrolled resource consumption in braces',
59 silly audit report       severity: 'high',
59 silly audit report       vulnerable_versions: '<3.0.3',
59 silly audit report       cwe: [Array],
59 silly audit report       cvss: [Object]
59 silly audit report     }
59 silly audit report   ],
59 silly audit report   browserslist: [
59 silly audit report     {
59 silly audit report       id: 1093035,
59 silly audit report       url: 'https://github.com/advisories/GHSA-w8qv-6jwh-64r5',
59 silly audit report       title: 'Regular Expression Denial of Service in browserslist',
59 silly audit report       severity: 'moderate',
59 silly audit report       vulnerable_versions: '>=4.0.0 <4.16.5',
59 silly audit report       cwe: [Array],
59 silly audit report       cvss: [Object]
59 silly audit report     }
59 silly audit report   ],
59 silly audit report   'word-wrap': [
59 silly audit report     {
59 silly audit report       id: 1102444,
59 silly audit report       url: 'https://github.com/advisories/GHSA-j8xg-fqg3-53r7',
59 silly audit report       title: 'word-wrap vulnerable to Regular Expression Denial of Service',
59 silly audit report       severity: 'moderate',
59 silly audit report       vulnerable_versions: '<1.2.4',
59 silly audit report       cwe: [Array],
59 silly audit report       cvss: [Object]
59 silly audit report     }
59 silly audit report   ],
59 silly audit report   minimatch: [
59 silly audit report     {
59 silly audit report       id: 1096485,
59 silly audit report       url: 'https://github.com/advisories/GHSA-f8q6-p94x-37v3',
59 silly audit report       title: 'minimatch ReDoS vulnerability',
59 silly audit report       severity: 'high',
59 silly audit report       vulnerable_versions: '<3.0.5',
59 silly audit report       cwe: [Array],
59 silly audit report       cvss: [Object]
59 silly audit report     }
59 silly audit report   ],
59 silly audit report   'follow-redirects': [
59 silly audit report     {
59 silly audit report       id: 1102323,
59 silly audit report       url: 'https://github.com/advisories/GHSA-74fj-2j2h-c42q',
59 silly audit report       title: 'Exposure of sensitive information in follow-redirects',
59 silly audit report       severity: 'high',
59 silly audit report       vulnerable_versions: '<1.14.7',
59 silly audit report       cwe: [Array],
59 silly audit report       cvss: [Object]
59 silly audit report     },
59 silly audit report     {
59 silly audit report       id: 1096856,
59 silly audit report       url: 'https://github.com/advisories/GHSA-cxjh-pqwp-8mfp',
59 silly audit report       title: "follow-redirects' Proxy-Authorization header kept across hosts",
59 silly audit report       severity: 'moderate',
59 silly audit report       vulnerable_versions: '<=1.15.5',
59 silly audit report       cwe: [Array],
59 silly audit report       cvss: [Object]
59 silly audit report     },
59 silly audit report     {
59 silly audit report       id: 1092623,
59 silly audit report       url: 'https://github.com/advisories/GHSA-pw2r-vq6v-hr8c',
59 silly audit report       title: 'Exposure of Sensitive Information to an Unauthorized Actor in follow-redirects',
59 silly audit report       severity: 'moderate',
59 silly audit report       vulnerable_versions: '<1.14.8',
59 silly audit report       cwe: [Array],
59 silly audit report       cvss: [Object]
59 silly audit report     },
59 silly audit report     {
59 silly audit report       id: 1096353,
59 silly audit report       url: 'https://github.com/advisories/GHSA-jchw-25xp-jwwc',
59 silly audit report       title: 'Follow Redirects improperly handles URLs in the url.parse() function',
59 silly audit report       severity: 'moderate',
59 silly audit report       vulnerable_versions: '<1.15.4',
59 silly audit report       cwe: [Array],
59 silly audit report       cvss: [Object]
59 silly audit report     }
59 silly audit report   ],
59 silly audit report   ini: [
59 silly audit report     {
59 silly audit report       id: 1093224,
59 silly audit report       url: 'https://github.com/advisories/GHSA-qqgx-2p2h-9c37',
59 silly audit report       title: 'ini before 1.3.6 vulnerable to Prototype Pollution via ini.parse',
59 silly audit report       severity: 'high',
59 silly audit report       vulnerable_versions: '<1.3.6',
59 silly audit report       cwe: [Array],
59 silly audit report       cvss: [Object]
59 silly audit report     }
59 silly audit report   ],
59 silly audit report   minimist: [
59 silly audit report     {
59 silly audit report       id: 1097677,
59 silly audit report       url: 'https://github.com/advisories/GHSA-xvch-5gv4-984h',
59 silly audit report       title: 'Prototype Pollution in minimist',
59 silly audit report       severity: 'critical',
59 silly audit report       vulnerable_versions: '<0.2.4',
59 silly audit report       cwe: [Array],
59 silly audit report       cvss: [Object]
59 silly audit report     },
59 silly audit report     {
59 silly audit report       id: 1097678,
59 silly audit report       url: 'https://github.com/advisories/GHSA-xvch-5gv4-984h',
59 silly audit report       title: 'Prototype Pollution in minimist',
59 silly audit report       severity: 'critical',
59 silly audit report       vulnerable_versions: '>=1.0.0 <1.2.6',
59 silly audit report       cwe: [Array],
59 silly audit report       cvss: [Object]
59 silly audit report     },
59 silly audit report     {
59 silly audit report       id: 1096465,
59 silly audit report       url: 'https://github.com/advisories/GHSA-vh95-rmgr-6w4m',
59 silly audit report       title: 'Prototype Pollution in minimist',
59 silly audit report       severity: 'moderate',
59 silly audit report       vulnerable_versions: '>=1.0.0 <1.2.3',
59 silly audit report       cwe: [Array],
59 silly audit report       cvss: [Object]
59 silly audit report     },
59 silly audit report     {
59 silly audit report       id: 1096466,
59 silly audit report       url: 'https://github.com/advisories/GHSA-vh95-rmgr-6w4m',
59 silly audit report       title: 'Prototype Pollution in minimist',
59 silly audit report       severity: 'moderate',
59 silly audit report       vulnerable_versions: '<0.2.1',
59 silly audit report       cwe: [Array],
59 silly audit report       cvss: [Object]
59 silly audit report     }
59 silly audit report   ],
59 silly audit report   'nth-check': [
59 silly audit report     {
59 silly audit report       id: 1095141,
59 silly audit report       url: 'https://github.com/advisories/GHSA-rp65-9cf3-cjxr',
59 silly audit report       title: 'Inefficient Regular Expression Complexity in nth-check',
59 silly audit report       severity: 'high',
59 silly audit report       vulnerable_versions: '<2.0.1',
59 silly audit report       cwe: [Array],
59 silly audit report       cvss: [Object]
59 silly audit report     }
59 silly audit report   ],
59 silly audit report   postcss: [
59 silly audit report     {
59 silly audit report       id: 1094544,
59 silly audit report       url: 'https://github.com/advisories/GHSA-7fh5-64p2-3v2j',
59 silly audit report       title: 'PostCSS line return parsing error',
59 silly audit report       severity: 'moderate',
59 silly audit report       vulnerable_versions: '<8.4.31',
59 silly audit report       cwe: [Array],
59 silly audit report       cvss: [Object]
59 silly audit report     }
59 silly audit report   ],
59 silly audit report   tmpl: [
59 silly audit report     {
59 silly audit report       id: 1095104,
59 silly audit report       url: 'https://github.com/advisories/GHSA-jgrx-mgxx-jf9v',
59 silly audit report       title: 'tmpl vulnerable to Inefficient Regular Expression Complexity which may lead to resource exhaustion',
59 silly audit report       severity: 'high',
59 silly audit report       vulnerable_versions: '<1.0.5',
59 silly audit report       cwe: [Array],
59 silly audit report       cvss: [Object]
59 silly audit report     }
59 silly audit report   ],
59 silly audit report   'websocket-extensions': [
59 silly audit report     {
59 silly audit report       id: 1087512,
59 silly audit report       url: 'https://github.com/advisories/GHSA-g78m-2chm-r7qv',
59 silly audit report       title: 'Regular Expression Denial of Service in websocket-extensions (NPM package)',
59 silly audit report       severity: 'high',
59 silly audit report       vulnerable_versions: '<0.1.4',
59 silly audit report       cwe: [Array],
59 silly audit report       cvss: [Object]
59 silly audit report     }
59 silly audit report   ]
59 silly audit report }
60 silly packumentCache corgi:https://registry.npmjs.org/debug cache-miss
61 silly packumentCache corgi:https://registry.npmjs.org/path-parse cache-miss
62 silly packumentCache corgi:https://registry.npmjs.org/lodash cache-miss
63 silly packumentCache corgi:https://registry.npmjs.org/@babel%2fhelpers cache-miss
64 silly packumentCache corgi:https://registry.npmjs.org/@babel%2fruntime cache-miss
65 silly packumentCache corgi:https://registry.npmjs.org/@babel%2ftraverse cache-miss
66 silly packumentCache corgi:https://registry.npmjs.org/ansi-regex cache-miss
67 silly packumentCache corgi:https://registry.npmjs.org/json5 cache-miss
68 silly packumentCache corgi:https://registry.npmjs.org/semver cache-miss
69 silly packumentCache corgi:https://registry.npmjs.org/braces cache-miss
70 silly packumentCache corgi:https://registry.npmjs.org/browserslist cache-miss
71 silly packumentCache corgi:https://registry.npmjs.org/word-wrap cache-miss
72 silly packumentCache corgi:https://registry.npmjs.org/minimatch cache-miss
73 silly packumentCache corgi:https://registry.npmjs.org/follow-redirects cache-miss
74 silly packumentCache corgi:https://registry.npmjs.org/ini cache-miss
75 silly packumentCache corgi:https://registry.npmjs.org/minimist cache-miss
76 silly packumentCache corgi:https://registry.npmjs.org/nth-check cache-miss
77 silly packumentCache corgi:https://registry.npmjs.org/postcss cache-miss
78 silly packumentCache corgi:https://registry.npmjs.org/tmpl cache-miss
79 silly packumentCache corgi:https://registry.npmjs.org/websocket-extensions cache-miss
80 http fetch GET 200 https://registry.npmjs.org/braces 738ms (cache revalidated)
81 silly packumentCache corgi:https://registry.npmjs.org/braces set size:35919 disposed:false
82 http fetch GET 200 https://registry.npmjs.org/debug 761ms (cache updated)
83 silly packumentCache corgi:https://registry.npmjs.org/debug set size:undefined disposed:false
84 http fetch GET 200 https://registry.npmjs.org/word-wrap 1020ms (cache revalidated)
85 silly packumentCache corgi:https://registry.npmjs.org/word-wrap set size:9507 disposed:false
86 http fetch GET 200 https://registry.npmjs.org/follow-redirects 1023ms (cache revalidated)
87 silly packumentCache corgi:https://registry.npmjs.org/follow-redirects set size:85992 disposed:false
88 http fetch GET 200 https://registry.npmjs.org/lodash 1060ms (cache revalidated)
89 silly packumentCache corgi:https://registry.npmjs.org/lodash set size:67972 disposed:false
90 http fetch GET 200 https://registry.npmjs.org/path-parse 1538ms (cache revalidated)
91 silly packumentCache corgi:https://registry.npmjs.org/path-parse set size:5796 disposed:false
92 http fetch GET 200 https://registry.npmjs.org/nth-check 1694ms (cache revalidated)
93 silly packumentCache corgi:https://registry.npmjs.org/nth-check set size:10078 disposed:false
94 http fetch GET 200 https://registry.npmjs.org/tmpl 1693ms (cache revalidated)
95 silly packumentCache corgi:https://registry.npmjs.org/tmpl set size:3611 disposed:false
96 http fetch GET 200 https://registry.npmjs.org/ansi-regex 1710ms (cache revalidated)
97 silly packumentCache corgi:https://registry.npmjs.org/ansi-regex set size:17900 disposed:false
98 http fetch GET 200 https://registry.npmjs.org/websocket-extensions 1695ms (cache revalidated)
99 silly packumentCache corgi:https://registry.npmjs.org/websocket-extensions set size:3894 disposed:false
100 http fetch GET 200 https://registry.npmjs.org/minimatch 1720ms (cache revalidated)
101 silly packumentCache corgi:https://registry.npmjs.org/minimatch set size:142111 disposed:false
102 http fetch GET 200 https://registry.npmjs.org/json5 1734ms (cache revalidated)
103 silly packumentCache corgi:https://registry.npmjs.org/json5 set size:37495 disposed:false
104 http fetch GET 200 https://registry.npmjs.org/ini 1728ms (cache updated)
105 silly packumentCache corgi:https://registry.npmjs.org/ini set size:undefined disposed:false
106 http fetch GET 200 https://registry.npmjs.org/semver 1752ms (cache updated)
107 silly packumentCache corgi:https://registry.npmjs.org/semver set size:undefined disposed:false
108 http fetch GET 200 https://registry.npmjs.org/@babel%2fhelpers 1788ms (cache updated)
109 silly packumentCache corgi:https://registry.npmjs.org/@babel%2fhelpers set size:undefined disposed:false
110 http fetch GET 200 https://registry.npmjs.org/@babel%2fruntime 1810ms (cache updated)
111 silly packumentCache corgi:https://registry.npmjs.org/@babel%2fruntime set size:undefined disposed:false
112 http fetch GET 200 https://registry.npmjs.org/browserslist 1810ms (cache updated)
113 silly packumentCache corgi:https://registry.npmjs.org/browserslist set size:undefined disposed:false
114 http fetch GET 200 https://registry.npmjs.org/@babel%2ftraverse 1828ms (cache updated)
115 silly packumentCache corgi:https://registry.npmjs.org/@babel%2ftraverse set size:undefined disposed:false
116 http fetch GET 200 https://registry.npmjs.org/postcss 1820ms (cache updated)
117 silly packumentCache corgi:https://registry.npmjs.org/postcss set size:undefined disposed:false
118 http fetch GET 200 https://registry.npmjs.org/minimist 2105ms (cache revalidated)
119 silly packumentCache corgi:https://registry.npmjs.org/minimist set size:29263 disposed:false
120 silly packumentCache corgi:https://registry.npmjs.org/@babel%2fcore cache-miss
121 silly packumentCache corgi:https://registry.npmjs.org/@babel%2fhelper-define-polyfill-provider cache-miss
122 silly packumentCache corgi:https://registry.npmjs.org/istanbul-lib-source-maps cache-miss
123 silly packumentCache corgi:https://registry.npmjs.org/spdy-transport cache-miss
124 silly packumentCache corgi:https://registry.npmjs.org/spdy cache-miss
125 http fetch GET 200 https://registry.npmjs.org/spdy-transport 1523ms (cache revalidated)
126 silly packumentCache corgi:https://registry.npmjs.org/spdy-transport set size:37906 disposed:false
127 http fetch GET 200 https://registry.npmjs.org/istanbul-lib-source-maps 1532ms (cache revalidated)
128 silly packumentCache corgi:https://registry.npmjs.org/istanbul-lib-source-maps set size:50449 disposed:false
129 http fetch GET 200 https://registry.npmjs.org/spdy 1921ms (cache revalidated)
130 silly packumentCache corgi:https://registry.npmjs.org/spdy set size:117472 disposed:false
131 http fetch GET 200 https://registry.npmjs.org/@babel%2fhelper-define-polyfill-provider 1944ms (cache revalidated)
132 silly packumentCache corgi:https://registry.npmjs.org/@babel%2fhelper-define-polyfill-provider set size:54747 disposed:false
133 http fetch GET 200 https://registry.npmjs.org/@babel%2fcore 2064ms (cache updated)
134 silly packumentCache corgi:https://registry.npmjs.org/@babel%2fcore set size:undefined disposed:false
135 silly packumentCache corgi:https://registry.npmjs.org/resolve cache-miss
136 http fetch GET 200 https://registry.npmjs.org/resolve 1029ms (cache revalidated)
137 silly packumentCache corgi:https://registry.npmjs.org/resolve set size:101264 disposed:false
138 silly packumentCache corgi:https://registry.npmjs.org/@babel%2ftypes cache-miss
139 silly packumentCache corgi:https://registry.npmjs.org/@babel%2fgenerator cache-miss
140 http fetch GET 200 https://registry.npmjs.org/react-router/-/react-router-7.6.1.tgz 6269ms (cache miss)
141 http fetch GET 200 https://registry.npmjs.org/@babel%2ftypes 205ms (cache updated)
142 silly packumentCache corgi:https://registry.npmjs.org/@babel%2ftypes set size:undefined disposed:false
143 http fetch GET 200 https://registry.npmjs.org/@babel%2fgenerator 1502ms (cache updated)
144 silly packumentCache corgi:https://registry.npmjs.org/@babel%2fgenerator set size:undefined disposed:false
145 silly packumentCache corgi:https://registry.npmjs.org/yaml cache-miss
146 http fetch GET 200 https://registry.npmjs.org/yaml 399ms (cache updated)
147 silly packumentCache corgi:https://registry.npmjs.org/yaml set size:undefined disposed:false
148 silly packumentCache corgi:https://registry.npmjs.org/strip-ansi cache-miss
149 http fetch GET 200 https://registry.npmjs.org/strip-ansi 428ms (cache revalidated)
150 silly packumentCache corgi:https://registry.npmjs.org/strip-ansi set size:17904 disposed:false
151 silly packumentCache corgi:https://registry.npmjs.org/node-releases cache-miss
152 silly packumentCache corgi:https://registry.npmjs.org/istanbul-lib-instrument cache-miss
153 silly packumentCache corgi:https://registry.npmjs.org/make-dir cache-miss
154 http fetch GET 200 https://registry.npmjs.org/make-dir 117ms (cache revalidated)
155 silly packumentCache corgi:https://registry.npmjs.org/make-dir set size:15624 disposed:false
156 http fetch GET 200 https://registry.npmjs.org/node-releases 408ms (cache revalidated)
157 silly packumentCache corgi:https://registry.npmjs.org/node-releases set size:148888 disposed:false
158 http fetch GET 200 https://registry.npmjs.org/istanbul-lib-instrument 427ms (cache revalidated)
159 silly packumentCache corgi:https://registry.npmjs.org/istanbul-lib-instrument set size:100602 disposed:false
160 silly packumentCache corgi:https://registry.npmjs.org/chokidar cache-miss
161 http fetch GET 200 https://registry.npmjs.org/chokidar 359ms (cache revalidated)
162 silly packumentCache corgi:https://registry.npmjs.org/chokidar set size:118541 disposed:false
163 silly packumentCache corgi:https://registry.npmjs.org/caniuse-api cache-miss
164 http fetch GET 200 https://registry.npmjs.org/caniuse-api 356ms (cache revalidated)
165 silly packumentCache corgi:https://registry.npmjs.org/caniuse-api set size:14549 disposed:false
166 silly packumentCache corgi:https://registry.npmjs.org/optionator cache-miss
167 http fetch GET 200 https://registry.npmjs.org/optionator 117ms (cache revalidated)
168 silly packumentCache corgi:https://registry.npmjs.org/optionator set size:17570 disposed:false
169 silly packumentCache corgi:https://registry.npmjs.org/fork-ts-checker-webpack-plugin cache-miss
170 silly packumentCache corgi:https://registry.npmjs.org/glob cache-miss
171 silly packumentCache corgi:https://registry.npmjs.org/test-exclude cache-miss
172 http fetch GET 200 https://registry.npmjs.org/glob 400ms (cache revalidated)
173 silly packumentCache corgi:https://registry.npmjs.org/glob set size:154904 disposed:false
174 http fetch GET 200 https://registry.npmjs.org/test-exclude 407ms (cache revalidated)
175 silly packumentCache corgi:https://registry.npmjs.org/test-exclude set size:41165 disposed:false
176 http fetch GET 200 https://registry.npmjs.org/fork-ts-checker-webpack-plugin 422ms (cache revalidated)
177 silly packumentCache corgi:https://registry.npmjs.org/fork-ts-checker-webpack-plugin set size:592540 disposed:false
178 silly packumentCache corgi:https://registry.npmjs.org/http-proxy cache-miss
179 http fetch GET 200 https://registry.npmjs.org/http-proxy 298ms (cache revalidated)
180 silly packumentCache corgi:https://registry.npmjs.org/http-proxy set size:66005 disposed:false
181 silly packumentCache corgi:https://registry.npmjs.org/global-prefix cache-miss
182 http fetch GET 200 https://registry.npmjs.org/global-prefix 394ms (cache revalidated)
183 silly packumentCache corgi:https://registry.npmjs.org/global-prefix set size:8177 disposed:false
184 silly packumentCache corgi:https://registry.npmjs.org/mkdirp cache-miss
185 http fetch GET 200 https://registry.npmjs.org/mkdirp 97ms (cache revalidated)
186 silly packumentCache corgi:https://registry.npmjs.org/mkdirp set size:49417 disposed:false
187 silly packumentCache corgi:https://registry.npmjs.org/css-select cache-miss
188 http fetch GET 200 https://registry.npmjs.org/css-select 280ms (cache revalidated)
189 silly packumentCache corgi:https://registry.npmjs.org/css-select set size:44393 disposed:false
190 silly packumentCache corgi:https://registry.npmjs.org/resolve-url-loader cache-miss
191 http fetch GET 200 https://registry.npmjs.org/resolve-url-loader 319ms (cache revalidated)
192 silly packumentCache corgi:https://registry.npmjs.org/resolve-url-loader set size:61938 disposed:false
193 silly packumentCache corgi:https://registry.npmjs.org/makeerror cache-miss
194 http fetch GET 200 https://registry.npmjs.org/makeerror 643ms (cache revalidated)
195 silly packumentCache corgi:https://registry.npmjs.org/makeerror set size:7235 disposed:false
196 silly packumentCache corgi:https://registry.npmjs.org/websocket-driver cache-miss
197 http fetch GET 200 https://registry.npmjs.org/websocket-driver 286ms (cache revalidated)
198 silly packumentCache corgi:https://registry.npmjs.org/websocket-driver set size:19220 disposed:false
199 silly packumentCache corgi:https://registry.npmjs.org/svgo cache-miss
200 http fetch GET 200 https://registry.npmjs.org/svgo 299ms (cache revalidated)
201 silly packumentCache corgi:https://registry.npmjs.org/svgo set size:130427 disposed:false
202 silly packumentCache corgi:https://registry.npmjs.org/react-scripts cache-miss
203 http fetch GET 200 https://registry.npmjs.org/react-scripts 281ms (cache revalidated)
204 silly packumentCache corgi:https://registry.npmjs.org/react-scripts set size:342451 disposed:false
205 silly packumentCache corgi:https://registry.npmjs.org/@svgr%2fplugin-svgo cache-miss
206 http fetch GET 200 https://registry.npmjs.org/@svgr%2fplugin-svgo 792ms (cache revalidated)
207 silly packumentCache corgi:https://registry.npmjs.org/@svgr%2fplugin-svgo set size:36570 disposed:false
208 silly packumentCache corgi:https://registry.npmjs.org/@svgr%2fwebpack cache-miss
209 http fetch GET 200 https://registry.npmjs.org/@svgr%2fwebpack 702ms (cache revalidated)
210 silly packumentCache corgi:https://registry.npmjs.org/@svgr%2fwebpack set size:85201 disposed:false
211 silly CHANGE node_modules/react-router-dom
212 silly CHANGE node_modules/react-router
213 verbose cwd D:\React PRO\01\02-react-app
214 verbose os Windows_NT 10.0.26100
215 verbose node v22.11.0
216 verbose npm  v10.9.0
217 verbose exit 0
218 info ok
