0 verbose cli C:\Program Files\nodejs\node.exe C:\Program Files\nodejs\node_modules\npm\bin\npm-cli.js
1 info using npm@10.9.0
2 info using node@v22.11.0
3 silly config load:file:C:\Users\Luis Trujillo Lopez\AppData\Roaming\nvm\v22.11.0\node_modules\npm\npmrc
4 silly config load:file:D:\React PRO\01\02-react-app\.npmrc
5 silly config load:file:C:\Users\Luis Trujillo Lopez\.npmrc
6 silly config load:file:C:\Program Files\nodejs\etc\npmrc
7 verbose title npm start
8 verbose argv "start"
9 verbose logfile logs-max:10 dir:D:\React PRO\01\02-react-app\npm-cache\_logs\2025-06-11T16_19_21_040Z-
10 verbose logfile D:\React PRO\01\02-react-app\npm-cache\_logs\2025-06-11T16_19_21_040Z-debug-0.log
11 silly logfile start cleaning logs, removing 1 files
12 silly logfile done cleaning log files
13 verbose stack Error: kill EPERM
13 verbose stack     at ChildProcess.kill (node:internal/child_process:511:26)
13 verbose stack     at process.handleSignal (C:\Users\Luis Trujillo Lopez\AppData\Roaming\nvm\v22.11.0\node_modules\npm\node_modules\@npmcli\run-script\lib\signal-manager.js:14:10)
13 verbose stack     at process.emit (node:events:518:28)
14 verbose pkgid 02-react-app@0.1.0
15 error code EPERM
16 error syscall kill
17 error path D:\React PRO\01\02-react-app
18 error errno -4048
19 error Error: kill EPERM
19 error     at ChildProcess.kill (node:internal/child_process:511:26)
19 error     at process.handleSignal (C:\Users\Luis Trujillo Lopez\AppData\Roaming\nvm\v22.11.0\node_modules\npm\node_modules\@npmcli\run-script\lib\signal-manager.js:14:10)
19 error     at process.emit (node:events:518:28) {
19 error   errno: -4048,
19 error   code: 'EPERM',
19 error   syscall: 'kill',
19 error   cmd: 'C:\\Windows\\system32\\cmd.exe',
19 error   args: [ '/d', '/s', '/c', 'react-scripts start' ],
19 error   stdout: null,
19 error   stderr: null,
19 error   event: 'start',
19 error   script: 'react-scripts start',
19 error   pkgid: '02-react-app@0.1.0',
19 error   path: 'D:\\React PRO\\01\\02-react-app'
19 error }
20 error
20 error The operation was rejected by your operating system.
20 error It's possible that the file was already in use (by a text editor or antivirus),
20 error or that you lack permissions to access it.
20 error
20 error If you believe this might be a permissions issue, please double-check the
20 error permissions of the file and its containing directories, or try running
20 error the command again as root/Administrator.
21 verbose cwd D:\React PRO\01\02-react-app
22 verbose os Windows_NT 10.0.26100
23 verbose node v22.11.0
24 verbose npm  v10.9.0
25 verbose exit -4048
26 verbose code -4048
27 error A complete log of this run can be found in: D:\React PRO\01\02-react-app\npm-cache\_logs\2025-06-11T16_19_21_040Z-debug-0.log
